Archive member included to satisfy reference by file (symbol)

/usr/lib/gcc/arm-none-eabi/10.3.1/thumb/v6-m/nofp/libgcc.a(_dvmd_tls.o)
                              CMakeFiles/blink.dir/home/dmytro/pico/pico/pico-sdk/src/rp2_common/pico_divider/divider.S.obj (__aeabi_idiv0)
/usr/lib/gcc/arm-none-eabi/10.3.1/../../../arm-none-eabi/lib/thumb/v6-m/nofp/libg.a(lib_a-atexit.o)
                              /usr/lib/gcc/arm-none-eabi/10.3.1/../../../arm-none-eabi/lib/thumb/v6-m/nofp/crt0.o (atexit)
/usr/lib/gcc/arm-none-eabi/10.3.1/../../../arm-none-eabi/lib/thumb/v6-m/nofp/libg.a(lib_a-calloc.o)
                              CMakeFiles/blink.dir/home/dmytro/pico/pico/pico-sdk/src/rp2_common/pico_malloc/pico_malloc.c.obj (calloc)
/usr/lib/gcc/arm-none-eabi/10.3.1/../../../arm-none-eabi/lib/thumb/v6-m/nofp/libg.a(lib_a-callocr.o)
                              /usr/lib/gcc/arm-none-eabi/10.3.1/../../../arm-none-eabi/lib/thumb/v6-m/nofp/libg.a(lib_a-calloc.o) (_calloc_r)
/usr/lib/gcc/arm-none-eabi/10.3.1/../../../arm-none-eabi/lib/thumb/v6-m/nofp/libg.a(lib_a-fini.o)
                              /usr/lib/gcc/arm-none-eabi/10.3.1/../../../arm-none-eabi/lib/thumb/v6-m/nofp/crt0.o (__libc_fini_array)
/usr/lib/gcc/arm-none-eabi/10.3.1/../../../arm-none-eabi/lib/thumb/v6-m/nofp/libg.a(lib_a-impure.o)
                              /usr/lib/gcc/arm-none-eabi/10.3.1/../../../arm-none-eabi/lib/thumb/v6-m/nofp/libg.a(lib_a-calloc.o) (_impure_ptr)
/usr/lib/gcc/arm-none-eabi/10.3.1/../../../arm-none-eabi/lib/thumb/v6-m/nofp/libg.a(lib_a-init.o)
                              /usr/lib/gcc/arm-none-eabi/10.3.1/../../../arm-none-eabi/lib/thumb/v6-m/nofp/crt0.o (__libc_init_array)
/usr/lib/gcc/arm-none-eabi/10.3.1/../../../arm-none-eabi/lib/thumb/v6-m/nofp/libg.a(lib_a-malloc.o)
                              CMakeFiles/blink.dir/home/dmytro/pico/pico/pico-sdk/src/rp2_common/pico_malloc/pico_malloc.c.obj (malloc)
/usr/lib/gcc/arm-none-eabi/10.3.1/../../../arm-none-eabi/lib/thumb/v6-m/nofp/libg.a(lib_a-mallocr.o)
                              /usr/lib/gcc/arm-none-eabi/10.3.1/../../../arm-none-eabi/lib/thumb/v6-m/nofp/libg.a(lib_a-callocr.o) (_malloc_r)
/usr/lib/gcc/arm-none-eabi/10.3.1/../../../arm-none-eabi/lib/thumb/v6-m/nofp/libg.a(lib_a-mlock.o)
                              /usr/lib/gcc/arm-none-eabi/10.3.1/../../../arm-none-eabi/lib/thumb/v6-m/nofp/libg.a(lib_a-mallocr.o) (__malloc_lock)
/usr/lib/gcc/arm-none-eabi/10.3.1/../../../arm-none-eabi/lib/thumb/v6-m/nofp/libg.a(lib_a-realloc.o)
                              CMakeFiles/blink.dir/home/dmytro/pico/pico/pico-sdk/src/rp2_common/pico_malloc/pico_malloc.c.obj (realloc)
/usr/lib/gcc/arm-none-eabi/10.3.1/../../../arm-none-eabi/lib/thumb/v6-m/nofp/libg.a(lib_a-reallocr.o)
                              /usr/lib/gcc/arm-none-eabi/10.3.1/../../../arm-none-eabi/lib/thumb/v6-m/nofp/libg.a(lib_a-realloc.o) (_realloc_r)
/usr/lib/gcc/arm-none-eabi/10.3.1/../../../arm-none-eabi/lib/thumb/v6-m/nofp/libg.a(lib_a-sbrkr.o)
                              /usr/lib/gcc/arm-none-eabi/10.3.1/../../../arm-none-eabi/lib/thumb/v6-m/nofp/libg.a(lib_a-mallocr.o) (_sbrk_r)
/usr/lib/gcc/arm-none-eabi/10.3.1/../../../arm-none-eabi/lib/thumb/v6-m/nofp/libg.a(lib_a-strlen-stub.o)
                              CMakeFiles/blink.dir/home/dmytro/pico/pico/pico-sdk/src/rp2_common/pico_stdio/stdio.c.obj (strlen)
/usr/lib/gcc/arm-none-eabi/10.3.1/../../../arm-none-eabi/lib/thumb/v6-m/nofp/libg.a(lib_a-__atexit.o)
                              /usr/lib/gcc/arm-none-eabi/10.3.1/../../../arm-none-eabi/lib/thumb/v6-m/nofp/libg.a(lib_a-atexit.o) (__register_exitproc)
/usr/lib/gcc/arm-none-eabi/10.3.1/../../../arm-none-eabi/lib/thumb/v6-m/nofp/libg.a(lib_a-freer.o)
                              /usr/lib/gcc/arm-none-eabi/10.3.1/../../../arm-none-eabi/lib/thumb/v6-m/nofp/libg.a(lib_a-malloc.o) (_free_r)
/usr/lib/gcc/arm-none-eabi/10.3.1/../../../arm-none-eabi/lib/thumb/v6-m/nofp/libg.a(lib_a-memmove.o)
                              /usr/lib/gcc/arm-none-eabi/10.3.1/../../../arm-none-eabi/lib/thumb/v6-m/nofp/libg.a(lib_a-reallocr.o) (memmove)
/usr/lib/gcc/arm-none-eabi/10.3.1/../../../arm-none-eabi/lib/thumb/v6-m/nofp/libg.a(lib_a-reent.o)
                              /usr/lib/gcc/arm-none-eabi/10.3.1/../../../arm-none-eabi/lib/thumb/v6-m/nofp/libg.a(lib_a-sbrkr.o) (errno)

Discarded input sections

 .text          0x0000000000000000        0x0 /usr/lib/gcc/arm-none-eabi/10.3.1/thumb/v6-m/nofp/crti.o
 .data          0x0000000000000000        0x0 /usr/lib/gcc/arm-none-eabi/10.3.1/thumb/v6-m/nofp/crti.o
 .bss           0x0000000000000000        0x0 /usr/lib/gcc/arm-none-eabi/10.3.1/thumb/v6-m/nofp/crti.o
 .data          0x0000000000000000        0x4 /usr/lib/gcc/arm-none-eabi/10.3.1/thumb/v6-m/nofp/crtbegin.o
 .rodata        0x0000000000000000       0x24 /usr/lib/gcc/arm-none-eabi/10.3.1/thumb/v6-m/nofp/crtbegin.o
 .fini_array    0x0000000000000000        0x4 /usr/lib/gcc/arm-none-eabi/10.3.1/thumb/v6-m/nofp/crtbegin.o
[...]
Memory Configuration

Name             Origin             Length             Attributes
FLASH            0x0000000010000000 0x0000000000200000 xr
RAM              0x0000000020000000 0x0000000000040000 xrw
SCRATCH_X        0x0000000020040000 0x0000000000001000 xrw
SCRATCH_Y        0x0000000020041000 0x0000000000001000 xrw
*default*        0x0000000000000000 0xffffffffffffffff

Linker script and memory map

LOAD /usr/lib/gcc/arm-none-eabi/10.3.1/thumb/v6-m/nofp/crti.o
LOAD /usr/lib/gcc/arm-none-eabi/10.3.1/thumb/v6-m/nofp/crtbegin.o
LOAD /usr/lib/gcc/arm-none-eabi/10.3.1/../../../arm-none-eabi/lib/thumb/v6-m/nofp/crt0.o

.flash_begin    0x0000000010000000        0x0
                0x0000000010000000                __flash_binary_start = .

.boot2          0x0000000010000000      0x100
                0x0000000010000000                __boot2_start__ = .
 *(.boot2)
 .boot2         0x0000000010000000      0x100 /tmp/cc8tmZmL.o
                0x0000000010000100                __boot2_end__ = .
                0x0000000000000001                ASSERT (((__boot2_end__ - __boot2_start__) == 0x100), ERROR: Pico second stage bootloader must be 256 bytes in size)

.text           0x0000000010000100     0x7020
                0x0000000010000100                __logical_binary_start = .
 *(.vectors)
 .vectors       0x0000000010000100       0xd4 CMakeFiles/blink.dir/home/dmytro/pico/pico/pico-sdk/src/rp2_common/pico_standard_link/crt0.S.obj
                0x0000000010000100                __vectors
                0x0000000010000100                __VECTOR_TABLE
                0x00000000100001c0                isr_invalid
                0x00000000100001c0                __default_isrs_start
                0x00000000100001c2                isr_nmi
                0x00000000100001c4                isr_hardfault
                0x00000000100001c6                isr_svcall
                0x00000000100001c8                isr_pendsv
                0x00000000100001ca                isr_systick
                0x00000000100001cc                isr_irq30
                0x00000000100001cc                __unhandled_user_irq
                0x00000000100001cc                isr_irq13
                0x00000000100001cc                isr_irq27
                0x00000000100001cc                isr_irq31
                0x00000000100001cc                isr_irq5
                0x00000000100001cc                isr_irq11
                0x00000000100001cc                isr_irq23
                0x00000000100001cc                isr_irq18
                0x00000000100001cc                isr_irq28
                0x00000000100001cc                isr_irq19
                0x00000000100001cc                isr_irq0
                0x00000000100001cc                isr_irq6
                0x00000000100001cc                isr_irq22
                0x00000000100001cc                isr_irq17
                0x00000000100001cc                isr_irq14
                0x00000000100001cc                isr_irq2
                0x00000000100001cc                isr_irq10
                0x00000000100001cc                isr_irq8
                0x00000000100001cc                isr_irq24
                0x00000000100001cc                isr_irq1
                0x00000000100001cc                isr_irq7
                0x00000000100001cc                isr_irq21
                0x00000000100001cc                isr_irq20
                0x00000000100001cc                isr_irq15
                0x00000000100001cc                isr_irq25
                0x00000000100001cc                isr_irq4
                0x00000000100001cc                isr_irq16
                0x00000000100001cc                isr_irq29
                0x00000000100001cc                isr_irq26
                0x00000000100001cc                __default_isrs_end
                0x00000000100001cc                isr_irq3
                0x00000000100001cc                isr_irq12
                0x00000000100001cc                isr_irq9
                0x00000000100001d2                unhandled_user_irq_num_in_r0
 *(.binary_info_header)
 .binary_info_header
                0x00000000100001d4       0x14 CMakeFiles/blink.dir/home/dmytro/pico/pico/pico-sdk/src/rp2_common/pico_standard_link/crt0.S.obj
                0x00000000100001e8                __binary_info_header_end = .
 *(.reset)
 .reset         0x00000000100001e8       0xa0 CMakeFiles/blink.dir/home/dmytro/pico/pico/pico-sdk/src/rp2_common/pico_standard_link/crt0.S.obj
                0x00000000100001e8                _entry_point
 .reset         0x0000000010000288       0x30 CMakeFiles/blink.dir/home/dmytro/pico/pico/pico-sdk/src/rp2_common/pico_standard_link/binary_info.c.obj
 *(.init)
 .init          0x00000000100002b8        0x4 /usr/lib/gcc/arm-none-eabi/10.3.1/thumb/v6-m/nofp/crti.o
                0x00000000100002b8                _init
 *(EXCLUDE_FILE(*libm.a: *libc.a:*lib_a-mem*.o *libgcc.a:) .text*)
 .text          0x00000000100002bc       0x98 /usr/lib/gcc/arm-none-eabi/10.3.1/thumb/v6-m/nofp/crtbegin.o
 .text.main     0x0000000010000354       0x84 CMakeFiles/blink.dir/main.cpp.obj
                0x0000000010000354                main
 .text.gpio_set_function
                0x00000000100003d8       0x30 CMakeFiles/blink.dir/home/dmytro/pico/pico/pico-sdk/src/rp2_common/hardware_gpio/gpio.c.obj
                0x00000000100003d8                gpio_set_function
 .text.gpio_set_pulls
                0x0000000010000408       0x34 CMakeFiles/blink.dir/home/dmytro/pico/pico/pico-sdk/src/rp2_common/hardware_gpio/gpio.c.obj
                0x0000000010000408                gpio_set_pulls
 .text.gpio_init
                0x000000001000043c       0x16 CMakeFiles/blink.dir/home/dmytro/pico/pico/pico-sdk/src/rp2_common/hardware_gpio/gpio.c.obj
                0x000000001000043c                gpio_init
 *fill*         0x0000000010000452        0x2 
 .text.running_on_fpga
                0x0000000010000454       0x14 CMakeFiles/blink.dir/home/dmytro/pico/pico/pico-sdk/src/rp2_common/pico_platform/platform.c.obj
                0x0000000010000454                running_on_fpga
 .text.hw_claim_lock
                0x0000000010000468       0x18 CMakeFiles/blink.dir/home/dmytro/pico/pico/pico-sdk/src/rp2_common/hardware_claim/claim.c.obj
                0x0000000010000468                hw_claim_lock
 .text.hw_claim_unlock
                0x0000000010000480       0x14 CMakeFiles/blink.dir/home/dmytro/pico/pico/pico-sdk/src/rp2_common/hardware_claim/claim.c.obj
                0x0000000010000480                hw_claim_unlock
 .text.hw_claim_or_assert
                0x0000000010000494       0x32 CMakeFiles/blink.dir/home/dmytro/pico/pico/pico-sdk/src/rp2_common/hardware_claim/claim.c.obj
                0x0000000010000494                hw_claim_or_assert
 .text.hw_claim_unused_from_range
                0x00000000100004c6       0x50 CMakeFiles/blink.dir/home/dmytro/pico/pico/pico-sdk/src/rp2_common/hardware_claim/claim.c.obj
                0x00000000100004c6                hw_claim_unused_from_range
 *fill*         0x0000000010000516        0x2 
 .text.spin_locks_reset
                0x0000000010000518       0x20 CMakeFiles/blink.dir/home/dmytro/pico/pico/pico-sdk/src/rp2_common/hardware_sync/sync.c.obj
                0x0000000010000518                spin_locks_reset
 .text.next_striped_spin_lock_num
                0x0000000010000538       0x1c CMakeFiles/blink.dir/home/dmytro/pico/pico/pico-sdk/src/rp2_common/hardware_sync/sync.c.obj
                0x0000000010000538                next_striped_spin_lock_num
 .text.spin_lock_claim_unused
                0x0000000010000554       0x20 CMakeFiles/blink.dir/home/dmytro/pico/pico/pico-sdk/src/rp2_common/hardware_sync/sync.c.obj
                0x0000000010000554                spin_lock_claim_unused
 .text.set_raw_irq_handler_and_unlock
                0x0000000010000574       0x28 CMakeFiles/blink.dir/home/dmytro/pico/pico/pico-sdk/src/rp2_common/hardware_irq/irq.c.obj
 .text.make_branch
                0x000000001000059c       0x48 CMakeFiles/blink.dir/home/dmytro/pico/pico/pico-sdk/src/rp2_common/hardware_irq/irq.c.obj
 .text.insert_branch_and_link
                0x00000000100005e4       0x40 CMakeFiles/blink.dir/home/dmytro/pico/pico/pico-sdk/src/rp2_common/hardware_irq/irq.c.obj
 .text.irq_is_enabled
                0x0000000010000624       0x18 CMakeFiles/blink.dir/home/dmytro/pico/pico/pico-sdk/src/rp2_common/hardware_irq/irq.c.obj
                0x0000000010000624                irq_is_enabled
 .text.irq_set_mask_enabled
                0x000000001000063c       0x20 CMakeFiles/blink.dir/home/dmytro/pico/pico/pico-sdk/src/rp2_common/hardware_irq/irq.c.obj
                0x000000001000063c                irq_set_mask_enabled
 .text.irq_set_enabled
                0x000000001000065c        0xe CMakeFiles/blink.dir/home/dmytro/pico/pico/pico-sdk/src/rp2_common/hardware_irq/irq.c.obj
                0x000000001000065c                irq_set_enabled
 *fill*         0x000000001000066a        0x2 
 .text.irq_set_pending
                0x000000001000066c       0x10 CMakeFiles/blink.dir/home/dmytro/pico/pico/pico-sdk/src/rp2_common/hardware_irq/irq.c.obj
                0x000000001000066c                irq_set_pending
 .text.irq_get_vtable_handler
                0x000000001000067c       0x10 CMakeFiles/blink.dir/home/dmytro/pico/pico/pico-sdk/src/rp2_common/hardware_irq/irq.c.obj
                0x000000001000067c                irq_get_vtable_handler
 .text.irq_has_shared_handler
                0x000000001000068c       0x24 CMakeFiles/blink.dir/home/dmytro/pico/pico/pico-sdk/src/rp2_common/hardware_irq/irq.c.obj
                0x000000001000068c                irq_has_shared_handler
 .text.irq_set_exclusive_handler
                0x00000000100006b0       0x54 CMakeFiles/blink.dir/home/dmytro/pico/pico/pico-sdk/src/rp2_common/hardware_irq/irq.c.obj
                0x00000000100006b0                irq_set_exclusive_handler
 .text.irq_add_shared_handler
                0x0000000010000704      0x234 CMakeFiles/blink.dir/home/dmytro/pico/pico/pico-sdk/src/rp2_common/hardware_irq/irq.c.obj
                0x0000000010000704                irq_add_shared_handler
 .text.irq_remove_handler
                0x0000000010000938      0x1ac CMakeFiles/blink.dir/home/dmytro/pico/pico/pico-sdk/src/rp2_common/hardware_irq/irq.c.obj
                0x0000000010000938                irq_remove_handler
 .text.irq_add_tail_to_free_list
                0x0000000010000ae4       0xf0 CMakeFiles/blink.dir/home/dmytro/pico/pico/pico-sdk/src/rp2_common/hardware_irq/irq.c.obj
                0x0000000010000ae4                irq_add_tail_to_free_list
 .text.irq_init_priorities
                0x0000000010000bd4       0x1c CMakeFiles/blink.dir/home/dmytro/pico/pico/pico-sdk/src/rp2_common/hardware_irq/irq.c.obj
                0x0000000010000bd4                irq_init_priorities
 .text.user_irq_claim_unused
                0x0000000010000bf0       0x28 CMakeFiles/blink.dir/home/dmytro/pico/pico/pico-sdk/src/rp2_common/hardware_irq/irq.c.obj
                0x0000000010000bf0                user_irq_claim_unused
 .text.lock_init
                0x0000000010000c18       0x10 CMakeFiles/blink.dir/home/dmytro/pico/pico/pico-sdk/src/common/pico_sync/lock_core.c.obj
                0x0000000010000c18                lock_init
 .text.mutex_init
                0x0000000010000c28       0x1a CMakeFiles/blink.dir/home/dmytro/pico/pico/pico-sdk/src/common/pico_sync/mutex.c.obj
                0x0000000010000c28                mutex_init
 .text.recursive_mutex_init
                0x0000000010000c42       0x1e CMakeFiles/blink.dir/home/dmytro/pico/pico/pico-sdk/src/common/pico_sync/mutex.c.obj
                0x0000000010000c42                recursive_mutex_init
 .text.critical_section_init_with_lock_num
                0x0000000010000c60       0x14 CMakeFiles/blink.dir/home/dmytro/pico/pico/pico-sdk/src/common/pico_sync/critical_section.c.obj
                0x0000000010000c60                critical_section_init_with_lock_num
 .text.critical_section_init
                0x0000000010000c74       0x14 CMakeFiles/blink.dir/home/dmytro/pico/pico/pico-sdk/src/common/pico_sync/critical_section.c.obj
                0x0000000010000c74                critical_section_init
 .text.alarm_pool_post_alloc_init
                0x0000000010000c88       0x40 CMakeFiles/blink.dir/home/dmytro/pico/pico/pico-sdk/src/common/pico_time/time.c.obj
 .text.sleep_until_callback
                0x0000000010000cc8       0x30 CMakeFiles/blink.dir/home/dmytro/pico/pico/pico-sdk/src/common/pico_time/time.c.obj
 .text.timer_pool_entry_comparator
                0x0000000010000cf8       0x7c CMakeFiles/blink.dir/home/dmytro/pico/pico/pico-sdk/src/common/pico_time/time.c.obj
                0x0000000010000cf8                timer_pool_entry_comparator
 .text.ph_add_child_node
                0x0000000010000d74       0xa4 CMakeFiles/blink.dir/home/dmytro/pico/pico/pico-sdk/src/common/pico_time/time.c.obj
 .text.ph_merge_nodes
                0x0000000010000e18       0x3e CMakeFiles/blink.dir/home/dmytro/pico/pico/pico-sdk/src/common/pico_time/time.c.obj
 *fill*         0x0000000010000e56        0x2 
 .text.add_alarm_under_lock
                0x0000000010000e58      0x174 CMakeFiles/blink.dir/home/dmytro/pico/pico/pico-sdk/src/common/pico_time/time.c.obj
 .text.alarm_pool_alarm_callback
                0x0000000010000fcc      0x33c CMakeFiles/blink.dir/home/dmytro/pico/pico/pico-sdk/src/common/pico_time/time.c.obj
 .text.alarm_pool_init_default
                0x0000000010001308       0x40 CMakeFiles/blink.dir/home/dmytro/pico/pico/pico-sdk/src/common/pico_time/time.c.obj
                0x0000000010001308                alarm_pool_init_default
 .text.alarm_pool_get_default
                0x0000000010001348       0x2c CMakeFiles/blink.dir/home/dmytro/pico/pico/pico-sdk/src/common/pico_time/time.c.obj
                0x0000000010001348                alarm_pool_get_default
 .text.alarm_pool_add_alarm_at
                0x0000000010001374      0x168 CMakeFiles/blink.dir/home/dmytro/pico/pico/pico-sdk/src/common/pico_time/time.c.obj
                0x0000000010001374                alarm_pool_add_alarm_at
 .text.alarm_pool_cancel_alarm
                0x00000000100014dc       0xf0 CMakeFiles/blink.dir/home/dmytro/pico/pico/pico-sdk/src/common/pico_time/time.c.obj
                0x00000000100014dc                alarm_pool_cancel_alarm
 .text.alarm_pool_core_num
                0x00000000100015cc        0x4 CMakeFiles/blink.dir/home/dmytro/pico/pico/pico-sdk/src/common/pico_time/time.c.obj
                0x00000000100015cc                alarm_pool_core_num
 .text.sleep_until
                0x00000000100015d0       0xfc CMakeFiles/blink.dir/home/dmytro/pico/pico/pico-sdk/src/common/pico_time/time.c.obj
                0x00000000100015d0                sleep_until
 .text.sleep_us
                0x00000000100016cc       0x58 CMakeFiles/blink.dir/home/dmytro/pico/pico/pico-sdk/src/common/pico_time/time.c.obj
                0x00000000100016cc                sleep_us
 .text.sleep_ms
                0x0000000010001724       0x14 CMakeFiles/blink.dir/home/dmytro/pico/pico/pico-sdk/src/common/pico_time/time.c.obj
                0x0000000010001724                sleep_ms
 .text.best_effort_wfe_or_timeout
                0x0000000010001738       0xac CMakeFiles/blink.dir/home/dmytro/pico/pico/pico-sdk/src/common/pico_time/time.c.obj
                0x0000000010001738                best_effort_wfe_or_timeout
 .text.hardware_alarm_irq_handler
                0x00000000100017e4       0x90 CMakeFiles/blink.dir/home/dmytro/pico/pico/pico-sdk/src/rp2_common/hardware_timer/timer.c.obj
 .text.hardware_alarm_claim
                0x0000000010001874       0x18 CMakeFiles/blink.dir/home/dmytro/pico/pico/pico-sdk/src/rp2_common/hardware_timer/timer.c.obj
                0x0000000010001874                hardware_alarm_claim
 .text.time_us_64
                0x000000001000188c       0x18 CMakeFiles/blink.dir/home/dmytro/pico/pico/pico-sdk/src/rp2_common/hardware_timer/timer.c.obj
                0x000000001000188c                time_us_64
 .text.busy_wait_until
                0x00000000100018a4       0x28 CMakeFiles/blink.dir/home/dmytro/pico/pico/pico-sdk/src/rp2_common/hardware_timer/timer.c.obj
                0x00000000100018a4                busy_wait_until
 .text.hardware_alarm_set_callback
                0x00000000100018cc       0x90 CMakeFiles/blink.dir/home/dmytro/pico/pico/pico-sdk/src/rp2_common/hardware_timer/timer.c.obj
                0x00000000100018cc                hardware_alarm_set_callback
 .text.hardware_alarm_set_target
                0x000000001000195c       0xe8 CMakeFiles/blink.dir/home/dmytro/pico/pico/pico-sdk/src/rp2_common/hardware_timer/timer.c.obj
                0x000000001000195c                hardware_alarm_set_target
 .text.hardware_alarm_cancel
                0x0000000010001a44       0x40 CMakeFiles/blink.dir/home/dmytro/pico/pico/pico-sdk/src/rp2_common/hardware_timer/timer.c.obj
                0x0000000010001a44                hardware_alarm_cancel
 .text.ph_add_child_node
                0x0000000010001a84       0xa4 CMakeFiles/blink.dir/home/dmytro/pico/pico/pico-sdk/src/common/pico_util/pheap.c.obj
 .text.ph_merge_nodes
                0x0000000010001b28       0x3e CMakeFiles/blink.dir/home/dmytro/pico/pico/pico-sdk/src/common/pico_util/pheap.c.obj
 *fill*         0x0000000010001b66        0x2 
 .text.ph_clear
                0x0000000010001b68       0x70 CMakeFiles/blink.dir/home/dmytro/pico/pico/pico-sdk/src/common/pico_util/pheap.c.obj
                0x0000000010001b68                ph_clear
 .text.ph_post_alloc_init
                0x0000000010001bd8        0xe CMakeFiles/blink.dir/home/dmytro/pico/pico/pico-sdk/src/common/pico_util/pheap.c.obj
                0x0000000010001bd8                ph_post_alloc_init
 *fill*         0x0000000010001be6        0x2 
 .text.ph_merge_two_pass
                0x0000000010001be8       0xa8 CMakeFiles/blink.dir/home/dmytro/pico/pico/pico-sdk/src/common/pico_util/pheap.c.obj
                0x0000000010001be8                ph_merge_two_pass
 .text.ph_remove_any_head
                0x0000000010001c90      0x128 CMakeFiles/blink.dir/home/dmytro/pico/pico/pico-sdk/src/common/pico_util/pheap.c.obj
 .text.ph_remove_head
                0x0000000010001db8       0x14 CMakeFiles/blink.dir/home/dmytro/pico/pico/pico-sdk/src/common/pico_util/pheap.c.obj
                0x0000000010001db8                ph_remove_head
 .text.ph_remove_and_free_node
                0x0000000010001dcc       0xf8 CMakeFiles/blink.dir/home/dmytro/pico/pico/pico-sdk/src/common/pico_util/pheap.c.obj
                0x0000000010001dcc                ph_remove_and_free_node
 .text.clock_configure
                0x0000000010001ec4      0x104 CMakeFiles/blink.dir/home/dmytro/pico/pico/pico-sdk/src/rp2_common/hardware_clocks/clocks.c.obj
                0x0000000010001ec4                clock_configure
 .text.clocks_init
                0x0000000010001fc8      0x100 CMakeFiles/blink.dir/home/dmytro/pico/pico/pico-sdk/src/rp2_common/hardware_clocks/clocks.c.obj
                0x0000000010001fc8                clocks_init
 .text.clock_get_hz
                0x00000000100020c8        0xc CMakeFiles/blink.dir/home/dmytro/pico/pico/pico-sdk/src/rp2_common/hardware_clocks/clocks.c.obj
                0x00000000100020c8                clock_get_hz
 .text.pll_init
                0x00000000100020d4      0x12c CMakeFiles/blink.dir/home/dmytro/pico/pico/pico-sdk/src/rp2_common/hardware_pll/pll.c.obj
                0x00000000100020d4                pll_init
 .text.watchdog_start_tick
                0x0000000010002200       0x10 CMakeFiles/blink.dir/home/dmytro/pico/pico/pico-sdk/src/rp2_common/hardware_watchdog/watchdog.c.obj
                0x0000000010002200                watchdog_start_tick
 .text.watchdog_update
                0x0000000010002210       0x14 CMakeFiles/blink.dir/home/dmytro/pico/pico/pico-sdk/src/rp2_common/hardware_watchdog/watchdog.c.obj
                0x0000000010002210                watchdog_update
 .text._watchdog_enable
                0x0000000010002224       0x78 CMakeFiles/blink.dir/home/dmytro/pico/pico/pico-sdk/src/rp2_common/hardware_watchdog/watchdog.c.obj
                0x0000000010002224                _watchdog_enable
 .text.watchdog_reboot
                0x000000001000229c       0x48 CMakeFiles/blink.dir/home/dmytro/pico/pico/pico-sdk/src/rp2_common/hardware_watchdog/watchdog.c.obj
                0x000000001000229c                watchdog_reboot
 .text.xosc_init
                0x00000000100022e4       0x28 CMakeFiles/blink.dir/home/dmytro/pico/pico/pico-sdk/src/rp2_common/hardware_xosc/xosc.c.obj
                0x00000000100022e4                xosc_init
 .text._exit    0x000000001000230c        0x4 CMakeFiles/blink.dir/home/dmytro/pico/pico/pico-sdk/src/rp2_common/pico_runtime/runtime.c.obj
                0x000000001000230c                _exit
 .text.exit     0x0000000010002310        0x6 CMakeFiles/blink.dir/home/dmytro/pico/pico/pico-sdk/src/rp2_common/pico_runtime/runtime.c.obj
                0x0000000010002310                exit
 *fill*         0x0000000010002316        0x2 
 .text.__assert_func
                0x0000000010002318       0x3c CMakeFiles/blink.dir/home/dmytro/pico/pico/pico-sdk/src/rp2_common/pico_runtime/runtime.c.obj
                0x0000000010002318                __assert_func
 .text.runtime_init
                0x0000000010002354       0xf8 CMakeFiles/blink.dir/home/dmytro/pico/pico/pico-sdk/src/rp2_common/pico_runtime/runtime.c.obj
                0x0000000010002354                runtime_init
 .text.panic    0x000000001000244c       0x30 CMakeFiles/blink.dir/home/dmytro/pico/pico/pico-sdk/src/rp2_common/pico_runtime/runtime.c.obj
                0x000000001000244c                panic
 .text._out_null
                0x000000001000247c        0x2 CMakeFiles/blink.dir/home/dmytro/pico/pico/pico-sdk/src/rp2_common/pico_printf/printf.c.obj
 .text._out_fct
                0x000000001000247e        0xe CMakeFiles/blink.dir/home/dmytro/pico/pico/pico-sdk/src/rp2_common/pico_printf/printf.c.obj
 .text._atoi    0x000000001000248c       0x24 CMakeFiles/blink.dir/home/dmytro/pico/pico/pico-sdk/src/rp2_common/pico_printf/printf.c.obj
 .text._out_rev
                0x00000000100024b0       0xae CMakeFiles/blink.dir/home/dmytro/pico/pico/pico-sdk/src/rp2_common/pico_printf/printf.c.obj
 .text._ntoa_format
                0x000000001000255e      0x112 CMakeFiles/blink.dir/home/dmytro/pico/pico/pico-sdk/src/rp2_common/pico_printf/printf.c.obj
 .text._ntoa_long
                0x0000000010002670       0xbc CMakeFiles/blink.dir/home/dmytro/pico/pico/pico-sdk/src/rp2_common/pico_printf/printf.c.obj
 .text._ntoa_long_long
                0x000000001000272c       0xe2 CMakeFiles/blink.dir/home/dmytro/pico/pico/pico-sdk/src/rp2_common/pico_printf/printf.c.obj
 *fill*         0x000000001000280e        0x2 
 .text._etoa    0x0000000010002810      0x414 CMakeFiles/blink.dir/home/dmytro/pico/pico/pico-sdk/src/rp2_common/pico_printf/printf.c.obj
 .text._ftoa    0x0000000010002c24      0x354 CMakeFiles/blink.dir/home/dmytro/pico/pico/pico-sdk/src/rp2_common/pico_printf/printf.c.obj
 .text._vsnprintf
                0x0000000010002f78      0x624 CMakeFiles/blink.dir/home/dmytro/pico/pico/pico-sdk/src/rp2_common/pico_printf/printf.c.obj
 .text.vfctprintf
                0x000000001000359c       0x20 CMakeFiles/blink.dir/home/dmytro/pico/pico/pico-sdk/src/rp2_common/pico_printf/printf.c.obj
                0x000000001000359c                vfctprintf
 .text          0x00000000100035bc       0x10 CMakeFiles/blink.dir/home/dmytro/pico/pico/pico-sdk/src/rp2_common/pico_bit_ops/bit_ops_aeabi.S.obj
 .text.rom_func_lookup
                0x00000000100035cc       0x10 CMakeFiles/blink.dir/home/dmytro/pico/pico/pico-sdk/src/rp2_common/pico_bootrom/bootrom.c.obj
                0x00000000100035cc                rom_func_lookup
 .text.rom_data_lookup
                0x00000000100035dc       0x10 CMakeFiles/blink.dir/home/dmytro/pico/pico/pico-sdk/src/rp2_common/pico_bootrom/bootrom.c.obj
                0x00000000100035dc                rom_data_lookup
 .text.rom_funcs_lookup
                0x00000000100035ec       0x36 CMakeFiles/blink.dir/home/dmytro/pico/pico/pico-sdk/src/rp2_common/pico_bootrom/bootrom.c.obj
                0x00000000100035ec                rom_funcs_lookup
 *fill*         0x0000000010003622        0x2 
 .text.__wrap___aeabi_idiv
                0x0000000010003624       0x50 CMakeFiles/blink.dir/home/dmytro/pico/pico/pico-sdk/src/rp2_common/pico_divider/divider.S.obj
                0x0000000010003624                __wrap___aeabi_idivmod
                0x0000000010003624                divmod_s32s32
                0x0000000010003624                div_s32s32
                0x0000000010003624                __wrap___aeabi_idiv
                0x000000001000362c                divmod_s32s32_unsafe
                0x0000000010003658                divmod_s32s32_savestate
 .text.__wrap___aeabi_uidiv
                0x0000000010003674       0x4c CMakeFiles/blink.dir/home/dmytro/pico/pico/pico-sdk/src/rp2_common/pico_divider/divider.S.obj
                0x0000000010003674                __wrap___aeabi_uidiv
                0x0000000010003674                __wrap___aeabi_uidivmod
                0x0000000010003674                div_u32u32
                0x0000000010003674                divmod_u32u32
                0x000000001000367c                divmod_u32u32_unsafe
                0x00000000100036a4                divmod_u32u32_savestate
 .text.__wrap___aeabi_ldiv
                0x00000000100036c0      0x424 CMakeFiles/blink.dir/home/dmytro/pico/pico/pico-sdk/src/rp2_common/pico_divider/divider.S.obj
                0x00000000100036c0                div_s64s64
                0x00000000100036c0                divmod_s64s64
                0x00000000100036c0                __wrap___aeabi_ldivmod
                0x00000000100036f0                div_u64u64
                0x00000000100036f0                divmod_u64u64
                0x00000000100036f0                __wrap___aeabi_uldivmod
                0x0000000010003700                divmod_u64u64_savestate
                0x0000000010003720                divmod_s64s64_unsafe
                0x00000000100037a8                divmod_u64u64_unsafe
 .text.__wrap___aeabi_darithmetic
                0x0000000010003ae4       0x80 CMakeFiles/blink.dir/home/dmytro/pico/pico/pico-sdk/src/rp2_common/pico_double/double_aeabi.S.obj
                0x0000000010003ae4                __wrap___aeabi_drsub
                0x0000000010003aea                __wrap___aeabi_dsub
                0x0000000010003afc                __wrap___aeabi_dadd
                0x0000000010003b0e                __wrap___aeabi_ddiv
                0x0000000010003b4a                __wrap___aeabi_dmul
 .text.__wrap___aeabi_cdcmple
                0x0000000010003b64       0x6c CMakeFiles/blink.dir/home/dmytro/pico/pico/pico-sdk/src/rp2_common/pico_double/double_aeabi.S.obj
                0x0000000010003b64                __wrap___aeabi_cdrcmple
                0x0000000010003b74                __wrap___aeabi_cdcmple
                0x0000000010003b74                __wrap___aeabi_cdcmpeq
 .text.__wrap___aeabi_dcmplt
                0x0000000010003bd0        0xc CMakeFiles/blink.dir/home/dmytro/pico/pico/pico-sdk/src/rp2_common/pico_double/double_aeabi.S.obj
                0x0000000010003bd0                __wrap___aeabi_dcmplt
 .text.__wrap___aeabi_dcmple
                0x0000000010003bdc       0x10 CMakeFiles/blink.dir/home/dmytro/pico/pico/pico-sdk/src/rp2_common/pico_double/double_aeabi.S.obj
                0x0000000010003bdc                __wrap___aeabi_dcmple
 .text.__wrap___aeabi_dcmpge
                0x0000000010003bec       0x10 CMakeFiles/blink.dir/home/dmytro/pico/pico/pico-sdk/src/rp2_common/pico_double/double_aeabi.S.obj
                0x0000000010003bec                __wrap___aeabi_dcmpge
 .text.__wrap___aeabi_dcmpgt
                0x0000000010003bfc        0xa CMakeFiles/blink.dir/home/dmytro/pico/pico/pico-sdk/src/rp2_common/pico_double/double_aeabi.S.obj
                0x0000000010003bfc                __wrap___aeabi_dcmpgt
 .text.__wrap___aeabi_dcmpun
                0x0000000010003c06       0x1c CMakeFiles/blink.dir/home/dmytro/pico/pico/pico-sdk/src/rp2_common/pico_double/double_aeabi.S.obj
                0x0000000010003c06                __wrap___aeabi_dcmpun
 *fill*         0x0000000010003c22        0x2 
 .text.__wrap___aeabi_i2d
                0x0000000010003c24       0x38 CMakeFiles/blink.dir/home/dmytro/pico/pico/pico-sdk/src/rp2_common/pico_double/double_aeabi.S.obj
                0x0000000010003c24                __wrap___aeabi_ui2d
                0x0000000010003c2c                __wrap___aeabi_i2d
 .text.__wrap___aeabi_d2iz
                0x0000000010003c5c       0x48 CMakeFiles/blink.dir/home/dmytro/pico/pico/pico-sdk/src/rp2_common/pico_double/double_aeabi.S.obj
                0x0000000010003c5c                __wrap___aeabi_d2iz
                0x0000000010003c5c                double2int_z
 .text.__wrap___aeabi_d2uiz
                0x0000000010003ca4       0x18 CMakeFiles/blink.dir/home/dmytro/pico/pico/pico-sdk/src/rp2_common/pico_double/double_aeabi.S.obj
                0x0000000010003ca4                double2uint
                0x0000000010003ca4                __wrap___aeabi_d2uiz
 .text.__aeabi_double_init
                0x0000000010003cbc       0xc8 CMakeFiles/blink.dir/home/dmytro/pico/pico/pico-sdk/src/rp2_common/pico_double/double_init_rom.c.obj
                0x0000000010003cbc                __aeabi_double_init
 .text.double_table_shim_on_use_helper
                0x0000000010003d84       0x34 CMakeFiles/blink.dir/home/dmytro/pico/pico/pico-sdk/src/rp2_common/pico_double/double_v1_rom_shim.S.obj
                0x0000000010003d84                double_table_shim_on_use_helper
 .text.__wrap___aeabi_dsub
                0x0000000010003db8       0x10 CMakeFiles/blink.dir/home/dmytro/pico/pico/pico-sdk/src/rp2_common/pico_double/double_v1_rom_shim.S.obj
                0x0000000010003db8                drsub_shim
                0x0000000010003dbe                dsub_shim
 .text.dadd_shim
                0x0000000010003dc8      0x15c CMakeFiles/blink.dir/home/dmytro/pico/pico/pico-sdk/src/rp2_common/pico_double/double_v1_rom_shim.S.obj
                0x0000000010003dc8                dadd_shim
 .text.dmul_shim
                0x0000000010003f24      0x15c CMakeFiles/blink.dir/home/dmytro/pico/pico/pico-sdk/src/rp2_common/pico_double/double_v1_rom_shim.S.obj
                0x0000000010003f24                dmul_shim
 .text.ddiv_shim
                0x0000000010004080      0x1b0 CMakeFiles/blink.dir/home/dmytro/pico/pico/pico-sdk/src/rp2_common/pico_double/double_v1_rom_shim.S.obj
                0x0000000010004080                ddiv_shim
 .text.double2uint_shim
                0x0000000010004230        0xe CMakeFiles/blink.dir/home/dmytro/pico/pico/pico-sdk/src/rp2_common/pico_double/double_v1_rom_shim.S.obj
                0x0000000010004230                double2uint_shim
                0x0000000010004232                double2ufix_shim
 *fill*         0x000000001000423e        0x2 
 .text.double2uint64_shim
                0x0000000010004240       0x70 CMakeFiles/blink.dir/home/dmytro/pico/pico/pico-sdk/src/rp2_common/pico_double/double_v1_rom_shim.S.obj
                0x0000000010004240                double2uint64_shim
                0x0000000010004242                double2ufix64_shim
                0x0000000010004262                d2fix_a
 .text.dunpacks
                0x00000000100042b0       0x3c CMakeFiles/blink.dir/home/dmytro/pico/pico/pico-sdk/src/rp2_common/pico_double/double_v1_rom_shim.S.obj
                0x00000000100042b0                dunpacks
 .text.__aeabi_lmul
                0x00000000100042ec       0x32 CMakeFiles/blink.dir/home/dmytro/pico/pico/pico-sdk/src/rp2_common/pico_int64_ops/pico_int64_ops_aeabi.S.obj
                0x00000000100042ec                __wrap___aeabi_lmul
 *fill*         0x000000001000431e        0x2 
 .text.__aeabi_float_init
                0x0000000010004320       0xfc CMakeFiles/blink.dir/home/dmytro/pico/pico/pico-sdk/src/rp2_common/pico_float/float_init_rom.c.obj
                0x0000000010004320                __aeabi_float_init
 .text.float_table_shim_on_use_helper
                0x000000001000441c       0x34 CMakeFiles/blink.dir/home/dmytro/pico/pico/pico-sdk/src/rp2_common/pico_float/float_v1_rom_shim.S.obj
                0x000000001000441c                float_table_shim_on_use_helper
 .text          0x0000000010004450       0x10 CMakeFiles/blink.dir/home/dmytro/pico/pico/pico-sdk/src/rp2_common/pico_mem_ops/mem_ops_aeabi.S.obj
                0x0000000010004450                __aeabi_mem_init
 .text.memset   0x0000000010004460        0xc CMakeFiles/blink.dir/home/dmytro/pico/pico/pico-sdk/src/rp2_common/pico_mem_ops/mem_ops_aeabi.S.obj
                0x0000000010004460                __wrap_memset
 .text.memcpy   0x000000001000446c        0xc CMakeFiles/blink.dir/home/dmytro/pico/pico/pico-sdk/src/rp2_common/pico_mem_ops/mem_ops_aeabi.S.obj
                0x000000001000446c                __wrap___aeabi_memcpy
                0x000000001000446c                __wrap_memcpy
 .text.stdio_out_chars_no_crlf
                0x0000000010004478        0xe CMakeFiles/blink.dir/home/dmytro/pico/pico/pico-sdk/src/rp2_common/pico_stdio/stdio.c.obj
 *fill*         0x0000000010004486        0x2 
 .text.stdio_out_chars_crlf
                0x0000000010004488       0x80 CMakeFiles/blink.dir/home/dmytro/pico/pico/pico-sdk/src/rp2_common/pico_stdio/stdio.c.obj
 .text.stdio_stack_buffer_flush
                0x0000000010004508       0x44 CMakeFiles/blink.dir/home/dmytro/pico/pico/pico-sdk/src/rp2_common/pico_stdio/stdio.c.obj
 .text.stdio_buffered_printer
                0x000000001000454c       0x20 CMakeFiles/blink.dir/home/dmytro/pico/pico/pico-sdk/src/rp2_common/pico_stdio/stdio.c.obj
 .text.stdout_serialize_begin
                0x000000001000456c       0x5c CMakeFiles/blink.dir/home/dmytro/pico/pico/pico-sdk/src/rp2_common/pico_stdio/stdio.c.obj
                0x000000001000456c                stdout_serialize_begin
 .text.stdout_serialize_end
                0x00000000100045c8       0x10 CMakeFiles/blink.dir/home/dmytro/pico/pico/pico-sdk/src/rp2_common/pico_stdio/stdio.c.obj
                0x00000000100045c8                stdout_serialize_end
 .text.stdio_put_string
                0x00000000100045d8       0x98 CMakeFiles/blink.dir/home/dmytro/pico/pico/pico-sdk/src/rp2_common/pico_stdio/stdio.c.obj
 .text.stdio_set_driver_enabled
                0x0000000010004670       0x2c CMakeFiles/blink.dir/home/dmytro/pico/pico/pico-sdk/src/rp2_common/pico_stdio/stdio.c.obj
                0x0000000010004670                stdio_set_driver_enabled
 .text.stdio_flush
                0x000000001000469c       0x20 CMakeFiles/blink.dir/home/dmytro/pico/pico/pico-sdk/src/rp2_common/pico_stdio/stdio.c.obj
                0x000000001000469c                stdio_flush
 .text.__wrap_puts
                0x00000000100046bc       0x1e CMakeFiles/blink.dir/home/dmytro/pico/pico/pico-sdk/src/rp2_common/pico_stdio/stdio.c.obj
                0x00000000100046bc                __wrap_puts
 *fill*         0x00000000100046da        0x2 
 .text.__wrap_vprintf
                0x00000000100046dc       0x40 CMakeFiles/blink.dir/home/dmytro/pico/pico/pico-sdk/src/rp2_common/pico_stdio/stdio.c.obj
                0x00000000100046dc                __wrap_vprintf
 .text.__wrap_printf
                0x000000001000471c       0x18 CMakeFiles/blink.dir/home/dmytro/pico/pico/pico-sdk/src/rp2_common/pico_stdio/stdio.c.obj
                0x000000001000471c                __wrap_printf
 .text.stdio_init_all
                0x0000000010004734        0x8 CMakeFiles/blink.dir/home/dmytro/pico/pico/pico-sdk/src/rp2_common/pico_stdio/stdio.c.obj
                0x0000000010004734                stdio_init_all
 .text.resetd_init
                0x000000001000473c        0x2 CMakeFiles/blink.dir/home/dmytro/pico/pico/pico-sdk/src/rp2_common/pico_stdio_usb/reset_interface.c.obj
 *fill*         0x000000001000473e        0x2 
 .text.resetd_reset
                0x0000000010004740        0xc CMakeFiles/blink.dir/home/dmytro/pico/pico/pico-sdk/src/rp2_common/pico_stdio_usb/reset_interface.c.obj
 .text.resetd_open
                0x000000001000474c       0x34 CMakeFiles/blink.dir/home/dmytro/pico/pico/pico-sdk/src/rp2_common/pico_stdio_usb/reset_interface.c.obj
 .text.resetd_xfer_cb
                0x0000000010004780        0x4 CMakeFiles/blink.dir/home/dmytro/pico/pico/pico-sdk/src/rp2_common/pico_stdio_usb/reset_interface.c.obj
 .text.reset_usb_boot
                0x0000000010004784       0x18 CMakeFiles/blink.dir/home/dmytro/pico/pico/pico-sdk/src/rp2_common/pico_stdio_usb/reset_interface.c.obj
 .text.resetd_control_xfer_cb
                0x000000001000479c       0x5c CMakeFiles/blink.dir/home/dmytro/pico/pico/pico-sdk/src/rp2_common/pico_stdio_usb/reset_interface.c.obj
 .text.usbd_app_driver_get_cb
                0x00000000100047f8        0xc CMakeFiles/blink.dir/home/dmytro/pico/pico/pico-sdk/src/rp2_common/pico_stdio_usb/reset_interface.c.obj
                0x00000000100047f8                usbd_app_driver_get_cb
 .text.tud_cdc_line_coding_cb
                0x0000000010004804       0x28 CMakeFiles/blink.dir/home/dmytro/pico/pico/pico-sdk/src/rp2_common/pico_stdio_usb/reset_interface.c.obj
                0x0000000010004804                tud_cdc_line_coding_cb
 .text.stdio_usb_set_chars_available_callback
                0x000000001000482c       0x14 CMakeFiles/blink.dir/home/dmytro/pico/pico/pico-sdk/src/rp2_common/pico_stdio_usb/stdio_usb.c.obj
                0x000000001000482c                stdio_usb_set_chars_available_callback
 .text.usb_irq  0x0000000010004840       0x10 CMakeFiles/blink.dir/home/dmytro/pico/pico/pico-sdk/src/rp2_common/pico_stdio_usb/stdio_usb.c.obj
 .text.timer_task
                0x0000000010004850       0x58 CMakeFiles/blink.dir/home/dmytro/pico/pico/pico-sdk/src/rp2_common/pico_stdio_usb/stdio_usb.c.obj
 .text.low_priority_worker_irq
                0x00000000100048a8       0xd8 CMakeFiles/blink.dir/home/dmytro/pico/pico/pico-sdk/src/rp2_common/pico_stdio_usb/stdio_usb.c.obj
 .text.tud_cdc_rx_cb
                0x0000000010004980       0x20 CMakeFiles/blink.dir/home/dmytro/pico/pico/pico-sdk/src/rp2_common/pico_stdio_usb/stdio_usb.c.obj
                0x0000000010004980                tud_cdc_rx_cb
 .text.stdio_usb_init
                0x00000000100049a0      0x12c CMakeFiles/blink.dir/home/dmytro/pico/pico/pico-sdk/src/rp2_common/pico_stdio_usb/stdio_usb.c.obj
                0x00000000100049a0                stdio_usb_init
 .text.stdio_usb_connected
                0x0000000010004acc        0xa CMakeFiles/blink.dir/home/dmytro/pico/pico/pico-sdk/src/rp2_common/pico_stdio_usb/stdio_usb.c.obj
                0x0000000010004acc                stdio_usb_connected
 *fill*         0x0000000010004ad6        0x2 
 .text.stdio_usb_in_chars
                0x0000000010004ad8       0xc4 CMakeFiles/blink.dir/home/dmytro/pico/pico/pico-sdk/src/rp2_common/pico_stdio_usb/stdio_usb.c.obj
                0x0000000010004ad8                stdio_usb_in_chars
 .text.stdio_usb_out_chars
                0x0000000010004b9c      0x114 CMakeFiles/blink.dir/home/dmytro/pico/pico/pico-sdk/src/rp2_common/pico_stdio_usb/stdio_usb.c.obj
 .text.tud_descriptor_device_cb
                0x0000000010004cb0        0x8 CMakeFiles/blink.dir/home/dmytro/pico/pico/pico-sdk/src/rp2_common/pico_stdio_usb/stdio_usb_descriptors.c.obj
                0x0000000010004cb0                tud_descriptor_device_cb
 .text.tud_descriptor_configuration_cb
                0x0000000010004cb8        0x8 CMakeFiles/blink.dir/home/dmytro/pico/pico/pico-sdk/src/rp2_common/pico_stdio_usb/stdio_usb_descriptors.c.obj
                0x0000000010004cb8                tud_descriptor_configuration_cb
 .text.tud_descriptor_string_cb
                0x0000000010004cc0       0x6c CMakeFiles/blink.dir/home/dmytro/pico/pico/pico-sdk/src/rp2_common/pico_stdio_usb/stdio_usb_descriptors.c.obj
                0x0000000010004cc0                tud_descriptor_string_cb
 .text._retrieve_unique_id_on_boot
                0x0000000010004d2c       0x10 CMakeFiles/blink.dir/home/dmytro/pico/pico/pico-sdk/src/rp2_common/pico_unique_id/unique_id.c.obj
 .text.pico_get_unique_board_id_string
                0x0000000010004d3c       0x60 CMakeFiles/blink.dir/home/dmytro/pico/pico/pico-sdk/src/rp2_common/pico_unique_id/unique_id.c.obj
                0x0000000010004d3c                pico_get_unique_board_id_string
 .text.flash_get_unique_id
                0x0000000010004d9c       0x46 CMakeFiles/blink.dir/home/dmytro/pico/pico/pico-sdk/src/rp2_common/hardware_flash/flash.c.obj
                0x0000000010004d9c                flash_get_unique_id
 *fill*         0x0000000010004de2        0x2 
 .text.hw_endpoint_get_by_addr
                0x0000000010004de4       0x18 CMakeFiles/blink.dir/home/dmytro/pico/pico/pico-sdk/lib/tinyusb/src/portable/raspberrypi/rp2040/dcd_rp2040.c.obj
 .text._hw_endpoint_alloc
                0x0000000010004dfc       0x70 CMakeFiles/blink.dir/home/dmytro/pico/pico/pico-sdk/lib/tinyusb/src/portable/raspberrypi/rp2040/dcd_rp2040.c.obj
 .text.hw_endpoint_init
                0x0000000010004e6c       0x88 CMakeFiles/blink.dir/home/dmytro/pico/pico/pico-sdk/lib/tinyusb/src/portable/raspberrypi/rp2040/dcd_rp2040.c.obj
 .text.hw_endpoint_xfer
                0x0000000010004ef4       0x14 CMakeFiles/blink.dir/home/dmytro/pico/pico/pico-sdk/lib/tinyusb/src/portable/raspberrypi/rp2040/dcd_rp2040.c.obj
 .text.dcd_int_enable
                0x0000000010004f08       0x2c CMakeFiles/blink.dir/home/dmytro/pico/pico/pico-sdk/lib/tinyusb/src/portable/raspberrypi/rp2040/dcd_rp2040.c.obj
                0x0000000010004f08                dcd_int_enable
 .text.dcd_set_address
                0x0000000010004f34       0x2c CMakeFiles/blink.dir/home/dmytro/pico/pico/pico-sdk/lib/tinyusb/src/portable/raspberrypi/rp2040/dcd_rp2040.c.obj
                0x0000000010004f34                dcd_set_address
 .text.dcd_connect
                0x0000000010004f60       0x10 CMakeFiles/blink.dir/home/dmytro/pico/pico/pico-sdk/lib/tinyusb/src/portable/raspberrypi/rp2040/dcd_rp2040.c.obj
                0x0000000010004f60                dcd_connect
 .text.dcd_init
                0x0000000010004f70       0x80 CMakeFiles/blink.dir/home/dmytro/pico/pico/pico-sdk/lib/tinyusb/src/portable/raspberrypi/rp2040/dcd_rp2040.c.obj
                0x0000000010004f70                dcd_init
 .text.dcd_edpt0_status_complete
                0x0000000010004ff0       0x1c CMakeFiles/blink.dir/home/dmytro/pico/pico/pico-sdk/lib/tinyusb/src/portable/raspberrypi/rp2040/dcd_rp2040.c.obj
                0x0000000010004ff0                dcd_edpt0_status_complete
 .text.dcd_edpt_open
                0x000000001000500c       0x40 CMakeFiles/blink.dir/home/dmytro/pico/pico/pico-sdk/lib/tinyusb/src/portable/raspberrypi/rp2040/dcd_rp2040.c.obj
                0x000000001000500c                dcd_edpt_open
 .text.dcd_edpt_close_all
                0x000000001000504c        0x8 CMakeFiles/blink.dir/home/dmytro/pico/pico/pico-sdk/lib/tinyusb/src/portable/raspberrypi/rp2040/dcd_rp2040.c.obj
                0x000000001000504c                dcd_edpt_close_all
 .text.dcd_edpt_xfer
                0x0000000010005054       0x34 CMakeFiles/blink.dir/home/dmytro/pico/pico/pico-sdk/lib/tinyusb/src/portable/raspberrypi/rp2040/dcd_rp2040.c.obj
                0x0000000010005054                dcd_edpt_xfer
 .text.dcd_edpt_stall
                0x0000000010005088       0x2c CMakeFiles/blink.dir/home/dmytro/pico/pico/pico-sdk/lib/tinyusb/src/portable/raspberrypi/rp2040/dcd_rp2040.c.obj
                0x0000000010005088                dcd_edpt_stall
 .text.dcd_edpt_clear_stall
                0x00000000100050b4       0x20 CMakeFiles/blink.dir/home/dmytro/pico/pico/pico-sdk/lib/tinyusb/src/portable/raspberrypi/rp2040/dcd_rp2040.c.obj
                0x00000000100050b4                dcd_edpt_clear_stall
 .text.rp2040_usb_init
                0x00000000100050d4       0x4c CMakeFiles/blink.dir/home/dmytro/pico/pico/pico-sdk/lib/tinyusb/src/portable/raspberrypi/rp2040/rp2040_usb.c.obj
                0x00000000100050d4                rp2040_usb_init
 .text.hw_endpoint_xfer_start
                0x0000000010005120       0x50 CMakeFiles/blink.dir/home/dmytro/pico/pico/pico-sdk/lib/tinyusb/src/portable/raspberrypi/rp2040/rp2040_usb.c.obj
                0x0000000010005120                hw_endpoint_xfer_start
 .text.configuration_reset
                0x0000000010005170       0x84 CMakeFiles/blink.dir/home/dmytro/pico/pico/pico-sdk/lib/tinyusb/src/device/usbd.c.obj
 .text.usbd_reset
                0x00000000100051f4        0xc CMakeFiles/blink.dir/home/dmytro/pico/pico/pico-sdk/lib/tinyusb/src/device/usbd.c.obj
 .text.invoke_class_control
                0x0000000010005200       0x1a CMakeFiles/blink.dir/home/dmytro/pico/pico/pico-sdk/lib/tinyusb/src/device/usbd.c.obj
 *fill*         0x000000001000521a        0x2 
 .text.process_set_config
                0x000000001000521c      0x178 CMakeFiles/blink.dir/home/dmytro/pico/pico/pico-sdk/lib/tinyusb/src/device/usbd.c.obj
 .text.process_get_descriptor
                0x0000000010005394       0xdc CMakeFiles/blink.dir/home/dmytro/pico/pico/pico-sdk/lib/tinyusb/src/device/usbd.c.obj
 .text.tud_mounted
                0x0000000010005470       0x10 CMakeFiles/blink.dir/home/dmytro/pico/pico/pico-sdk/lib/tinyusb/src/device/usbd.c.obj
                0x0000000010005470                tud_mounted
 .text.tud_suspended
                0x0000000010005480       0x10 CMakeFiles/blink.dir/home/dmytro/pico/pico/pico-sdk/lib/tinyusb/src/device/usbd.c.obj
                0x0000000010005480                tud_suspended
 .text.tud_inited
                0x0000000010005490       0x14 CMakeFiles/blink.dir/home/dmytro/pico/pico/pico-sdk/lib/tinyusb/src/device/usbd.c.obj
                0x0000000010005490                tud_inited
 .text.tud_init
                0x00000000100054a4       0xcc CMakeFiles/blink.dir/home/dmytro/pico/pico/pico-sdk/lib/tinyusb/src/device/usbd.c.obj
                0x00000000100054a4                tud_init
 .text.usbd_defer_func
                0x0000000010005570       0x2a CMakeFiles/blink.dir/home/dmytro/pico/pico/pico-sdk/lib/tinyusb/src/device/usbd.c.obj
                0x0000000010005570                usbd_defer_func
 *fill*         0x000000001000559a        0x2 
 .text.usbd_edpt_open
                0x000000001000559c       0x34 CMakeFiles/blink.dir/home/dmytro/pico/pico/pico-sdk/lib/tinyusb/src/device/usbd.c.obj
                0x000000001000559c                usbd_edpt_open
 .text.usbd_open_edpt_pair
                0x00000000100055d0       0x62 CMakeFiles/blink.dir/home/dmytro/pico/pico/pico-sdk/lib/tinyusb/src/device/usbd.c.obj
                0x00000000100055d0                usbd_open_edpt_pair
 *fill*         0x0000000010005632        0x2 
 .text.usbd_edpt_claim
                0x0000000010005634       0x28 CMakeFiles/blink.dir/home/dmytro/pico/pico/pico-sdk/lib/tinyusb/src/device/usbd.c.obj
                0x0000000010005634                usbd_edpt_claim
 .text.usbd_edpt_release
                0x000000001000565c       0x28 CMakeFiles/blink.dir/home/dmytro/pico/pico/pico-sdk/lib/tinyusb/src/device/usbd.c.obj
                0x000000001000565c                usbd_edpt_release
 .text.usbd_edpt_xfer
                0x0000000010005684       0x78 CMakeFiles/blink.dir/home/dmytro/pico/pico/pico-sdk/lib/tinyusb/src/device/usbd.c.obj
                0x0000000010005684                usbd_edpt_xfer
 .text.usbd_edpt_stall
                0x00000000100056fc       0x48 CMakeFiles/blink.dir/home/dmytro/pico/pico/pico-sdk/lib/tinyusb/src/device/usbd.c.obj
                0x00000000100056fc                usbd_edpt_stall
 .text.usbd_edpt_clear_stall
                0x0000000010005744       0x48 CMakeFiles/blink.dir/home/dmytro/pico/pico/pico-sdk/lib/tinyusb/src/device/usbd.c.obj
                0x0000000010005744                usbd_edpt_clear_stall
 .text.usbd_edpt_stalled
                0x000000001000578c       0x1c CMakeFiles/blink.dir/home/dmytro/pico/pico/pico-sdk/lib/tinyusb/src/device/usbd.c.obj
                0x000000001000578c                usbd_edpt_stalled
 .text.process_control_request
                0x00000000100057a8      0x37c CMakeFiles/blink.dir/home/dmytro/pico/pico/pico-sdk/lib/tinyusb/src/device/usbd.c.obj
 .text.tud_task_ext
                0x0000000010005b24      0x1b4 CMakeFiles/blink.dir/home/dmytro/pico/pico/pico-sdk/lib/tinyusb/src/device/usbd.c.obj
                0x0000000010005b24                tud_task_ext
 .text._data_stage_xact
                0x0000000010005cd8       0x58 CMakeFiles/blink.dir/home/dmytro/pico/pico/pico-sdk/lib/tinyusb/src/device/usbd_control.c.obj
 .text.tud_control_status
                0x0000000010005d30       0x38 CMakeFiles/blink.dir/home/dmytro/pico/pico/pico-sdk/lib/tinyusb/src/device/usbd_control.c.obj
                0x0000000010005d30                tud_control_status
 .text.tud_control_xfer
                0x0000000010005d68       0x74 CMakeFiles/blink.dir/home/dmytro/pico/pico/pico-sdk/lib/tinyusb/src/device/usbd_control.c.obj
                0x0000000010005d68                tud_control_xfer
 .text.usbd_control_reset
                0x0000000010005ddc       0x14 CMakeFiles/blink.dir/home/dmytro/pico/pico/pico-sdk/lib/tinyusb/src/device/usbd_control.c.obj
                0x0000000010005ddc                usbd_control_reset
 .text.usbd_control_set_complete_callback
                0x0000000010005df0        0xc CMakeFiles/blink.dir/home/dmytro/pico/pico/pico-sdk/lib/tinyusb/src/device/usbd_control.c.obj
                0x0000000010005df0                usbd_control_set_complete_callback
 .text.usbd_control_set_request
                0x0000000010005dfc       0x1c CMakeFiles/blink.dir/home/dmytro/pico/pico/pico-sdk/lib/tinyusb/src/device/usbd_control.c.obj
                0x0000000010005dfc                usbd_control_set_request
 .text.usbd_control_xfer_cb
                0x0000000010005e18       0xcc CMakeFiles/blink.dir/home/dmytro/pico/pico/pico-sdk/lib/tinyusb/src/device/usbd_control.c.obj
                0x0000000010005e18                usbd_control_xfer_cb
 .text._prep_out_transaction
                0x0000000010005ee4       0x4a CMakeFiles/blink.dir/home/dmytro/pico/pico/pico-sdk/lib/tinyusb/src/class/cdc/cdc_device.c.obj
 *fill*         0x0000000010005f2e        0x2 
 .text.tud_cdc_n_connected
                0x0000000010005f30       0x44 CMakeFiles/blink.dir/home/dmytro/pico/pico/pico-sdk/lib/tinyusb/src/class/cdc/cdc_device.c.obj
                0x0000000010005f30                tud_cdc_n_connected
 .text.tud_cdc_n_available
                0x0000000010005f74       0x18 CMakeFiles/blink.dir/home/dmytro/pico/pico/pico-sdk/lib/tinyusb/src/class/cdc/cdc_device.c.obj
                0x0000000010005f74                tud_cdc_n_available
 .text.tud_cdc_n_read
                0x0000000010005f8c       0x28 CMakeFiles/blink.dir/home/dmytro/pico/pico/pico-sdk/lib/tinyusb/src/class/cdc/cdc_device.c.obj
                0x0000000010005f8c                tud_cdc_n_read
 .text.tud_cdc_n_write_flush
                0x0000000010005fb4       0xb8 CMakeFiles/blink.dir/home/dmytro/pico/pico/pico-sdk/lib/tinyusb/src/class/cdc/cdc_device.c.obj
                0x0000000010005fb4                tud_cdc_n_write_flush
 .text.tud_cdc_n_write
                0x000000001000606c       0x38 CMakeFiles/blink.dir/home/dmytro/pico/pico/pico-sdk/lib/tinyusb/src/class/cdc/cdc_device.c.obj
                0x000000001000606c                tud_cdc_n_write
 .text.tud_cdc_n_write_available
                0x00000000100060a4       0x1c CMakeFiles/blink.dir/home/dmytro/pico/pico/pico-sdk/lib/tinyusb/src/class/cdc/cdc_device.c.obj
                0x00000000100060a4                tud_cdc_n_write_available
 .text.cdcd_init
                0x00000000100060c0       0xbc CMakeFiles/blink.dir/home/dmytro/pico/pico/pico-sdk/lib/tinyusb/src/class/cdc/cdc_device.c.obj
                0x00000000100060c0                cdcd_init
 .text.cdcd_reset
                0x000000001000617c       0x44 CMakeFiles/blink.dir/home/dmytro/pico/pico/pico-sdk/lib/tinyusb/src/class/cdc/cdc_device.c.obj
                0x000000001000617c                cdcd_reset
 .text.cdcd_open
                0x00000000100061c0       0xcc CMakeFiles/blink.dir/home/dmytro/pico/pico/pico-sdk/lib/tinyusb/src/class/cdc/cdc_device.c.obj
                0x00000000100061c0                cdcd_open
 .text.cdcd_control_xfer_cb
                0x000000001000628c      0x134 CMakeFiles/blink.dir/home/dmytro/pico/pico/pico-sdk/lib/tinyusb/src/class/cdc/cdc_device.c.obj
                0x000000001000628c                cdcd_control_xfer_cb
 .text.cdcd_xfer_cb
                0x00000000100063c0      0x130 CMakeFiles/blink.dir/home/dmytro/pico/pico/pico-sdk/lib/tinyusb/src/class/cdc/cdc_device.c.obj
                0x00000000100063c0                cdcd_xfer_cb
 .text.tusb_init
                0x00000000100064f0        0xa CMakeFiles/blink.dir/home/dmytro/pico/pico/pico-sdk/lib/tinyusb/src/tusb.c.obj
                0x00000000100064f0                tusb_init
 .text.tusb_inited
                0x00000000100064fa        0xe CMakeFiles/blink.dir/home/dmytro/pico/pico/pico-sdk/lib/tinyusb/src/tusb.c.obj
                0x00000000100064fa                tusb_inited
 .text.tu_edpt_claim
                0x0000000010006508       0x50 CMakeFiles/blink.dir/home/dmytro/pico/pico/pico-sdk/lib/tinyusb/src/tusb.c.obj
                0x0000000010006508                tu_edpt_claim
 .text.tu_edpt_release
                0x0000000010006558       0x3c CMakeFiles/blink.dir/home/dmytro/pico/pico/pico-sdk/lib/tinyusb/src/tusb.c.obj
                0x0000000010006558                tu_edpt_release
 .text.tu_edpt_validate
                0x0000000010006594       0x78 CMakeFiles/blink.dir/home/dmytro/pico/pico/pico-sdk/lib/tinyusb/src/tusb.c.obj
                0x0000000010006594                tu_edpt_validate
 .text.tu_edpt_bind_driver
                0x000000001000660c       0x26 CMakeFiles/blink.dir/home/dmytro/pico/pico/pico-sdk/lib/tinyusb/src/tusb.c.obj
                0x000000001000660c                tu_edpt_bind_driver
 .text.advance_index
                0x0000000010006632       0x1a CMakeFiles/blink.dir/home/dmytro/pico/pico/pico-sdk/lib/tinyusb/src/common/tusb_fifo.c.obj
 .text._tu_fifo_peek
                0x000000001000664c       0x56 CMakeFiles/blink.dir/home/dmytro/pico/pico/pico-sdk/lib/tinyusb/src/common/tusb_fifo.c.obj
 .text._ff_pull_const_addr
                0x00000000100066a2       0x4c CMakeFiles/blink.dir/home/dmytro/pico/pico/pico-sdk/lib/tinyusb/src/common/tusb_fifo.c.obj
 .text._ff_pull_n
                0x00000000100066ee      0x110 CMakeFiles/blink.dir/home/dmytro/pico/pico/pico-sdk/lib/tinyusb/src/common/tusb_fifo.c.obj
 .text._tu_fifo_peek_n
                0x00000000100067fe       0x6a CMakeFiles/blink.dir/home/dmytro/pico/pico/pico-sdk/lib/tinyusb/src/common/tusb_fifo.c.obj
 .text._tu_fifo_read_n
                0x0000000010006868       0x4e CMakeFiles/blink.dir/home/dmytro/pico/pico/pico-sdk/lib/tinyusb/src/common/tusb_fifo.c.obj
 .text._ff_push_const_addr
                0x00000000100068b6       0x40 CMakeFiles/blink.dir/home/dmytro/pico/pico/pico-sdk/lib/tinyusb/src/common/tusb_fifo.c.obj
 .text._ff_push_n
                0x00000000100068f6      0x10c CMakeFiles/blink.dir/home/dmytro/pico/pico/pico-sdk/lib/tinyusb/src/common/tusb_fifo.c.obj
 .text._tu_fifo_write_n
                0x0000000010006a02       0xf0 CMakeFiles/blink.dir/home/dmytro/pico/pico/pico-sdk/lib/tinyusb/src/common/tusb_fifo.c.obj
 .text.tu_fifo_config
                0x0000000010006af2       0x7c CMakeFiles/blink.dir/home/dmytro/pico/pico/pico-sdk/lib/tinyusb/src/common/tusb_fifo.c.obj
                0x0000000010006af2                tu_fifo_config
 .text.tu_fifo_count
                0x0000000010006b6e       0x2a CMakeFiles/blink.dir/home/dmytro/pico/pico/pico-sdk/lib/tinyusb/src/common/tusb_fifo.c.obj
                0x0000000010006b6e                tu_fifo_count
 .text.tu_fifo_empty
                0x0000000010006b98       0x10 CMakeFiles/blink.dir/home/dmytro/pico/pico/pico-sdk/lib/tinyusb/src/common/tusb_fifo.c.obj
                0x0000000010006b98                tu_fifo_empty
 .text.tu_fifo_full
                0x0000000010006ba8       0x28 CMakeFiles/blink.dir/home/dmytro/pico/pico/pico-sdk/lib/tinyusb/src/common/tusb_fifo.c.obj
                0x0000000010006ba8                tu_fifo_full
 .text.tu_fifo_remaining
                0x0000000010006bd0       0x2c CMakeFiles/blink.dir/home/dmytro/pico/pico/pico-sdk/lib/tinyusb/src/common/tusb_fifo.c.obj
                0x0000000010006bd0                tu_fifo_remaining
 .text.tu_fifo_read
                0x0000000010006bfc       0x42 CMakeFiles/blink.dir/home/dmytro/pico/pico/pico-sdk/lib/tinyusb/src/common/tusb_fifo.c.obj
                0x0000000010006bfc                tu_fifo_read
 .text.tu_fifo_read_n
                0x0000000010006c3e        0xa CMakeFiles/blink.dir/home/dmytro/pico/pico/pico-sdk/lib/tinyusb/src/common/tusb_fifo.c.obj
                0x0000000010006c3e                tu_fifo_read_n
 .text.tu_fifo_write
                0x0000000010006c48       0x64 CMakeFiles/blink.dir/home/dmytro/pico/pico/pico-sdk/lib/tinyusb/src/common/tusb_fifo.c.obj
                0x0000000010006c48                tu_fifo_write
 .text.tu_fifo_write_n
                0x0000000010006cac        0xa CMakeFiles/blink.dir/home/dmytro/pico/pico/pico-sdk/lib/tinyusb/src/common/tusb_fifo.c.obj
                0x0000000010006cac                tu_fifo_write_n
 .text.tu_fifo_clear
                0x0000000010006cb6       0x3e CMakeFiles/blink.dir/home/dmytro/pico/pico/pico-sdk/lib/tinyusb/src/common/tusb_fifo.c.obj
                0x0000000010006cb6                tu_fifo_clear
 .text.tu_fifo_set_overwritable
                0x0000000010006cf4       0x46 CMakeFiles/blink.dir/home/dmytro/pico/pico/pico-sdk/lib/tinyusb/src/common/tusb_fifo.c.obj
                0x0000000010006cf4                tu_fifo_set_overwritable
 .text.i2c_write_blocking_internal
                0x0000000010006d3a      0x140 CMakeFiles/blink.dir/home/dmytro/pico/pico/pico-sdk/src/rp2_common/hardware_i2c/i2c.c.obj
 *fill*         0x0000000010006e7a        0x2 
 .text.i2c_set_baudrate
                0x0000000010006e7c       0xf0 CMakeFiles/blink.dir/home/dmytro/pico/pico/pico-sdk/src/rp2_common/hardware_i2c/i2c.c.obj
                0x0000000010006e7c                i2c_set_baudrate
 .text.i2c_init
                0x0000000010006f6c       0x58 CMakeFiles/blink.dir/home/dmytro/pico/pico/pico-sdk/src/rp2_common/hardware_i2c/i2c.c.obj
                0x0000000010006f6c                i2c_init
 .text.i2c_write_blocking
                0x0000000010006fc4       0x18 CMakeFiles/blink.dir/home/dmytro/pico/pico/pico-sdk/src/rp2_common/hardware_i2c/i2c.c.obj
                0x0000000010006fc4                i2c_write_blocking
 .text          0x0000000010006fdc       0x5c /usr/lib/gcc/arm-none-eabi/10.3.1/../../../arm-none-eabi/lib/thumb/v6-m/nofp/libg.a(lib_a-strlen-stub.o)
                0x0000000010006fdc                strlen
 *(.fini)
 .fini          0x0000000010007038        0x4 /usr/lib/gcc/arm-none-eabi/10.3.1/thumb/v6-m/nofp/crti.o
                0x0000000010007038                _fini
 *fill*         0x000000001000703c        0x4 
 .fini.__stub   0x0000000010007040       0xe0 linker stubs
 *crtbegin.o(.ctors)
 *crtbegin?.o(.ctors)
 *(EXCLUDE_FILE(*crtend.o *crtend?.o) .ctors)
 *(SORT_BY_NAME(.ctors.*))
 *(.ctors)
 *crtbegin.o(.dtors)
 *crtbegin?.o(.dtors)
 *(EXCLUDE_FILE(*crtend.o *crtend?.o) .dtors)
 *(SORT_BY_NAME(.dtors.*))
 *(.dtors)
 *(.eh_frame*)
 .eh_frame      0x0000000010007120        0x0 /usr/lib/gcc/arm-none-eabi/10.3.1/thumb/v6-m/nofp/crtbegin.o
                0x0000000010007120                . = ALIGN (0x4)

.glue_7         0x0000000010007120        0x0
 .glue_7        0x0000000010007120        0x0 linker stubs

.glue_7t        0x0000000010007120        0x0
 .glue_7t       0x0000000010007120        0x0 linker stubs

.vfp11_veneer   0x0000000010007120        0x0
 .vfp11_veneer  0x0000000010007120        0x0 linker stubs

.v4_bx          0x0000000010007120        0x0
 .v4_bx         0x0000000010007120        0x0 linker stubs

.iplt           0x0000000010007120        0x0
 .iplt          0x0000000010007120        0x0 /usr/lib/gcc/arm-none-eabi/10.3.1/thumb/v6-m/nofp/crtbegin.o

.rodata         0x0000000010007120     0x1630
 *(EXCLUDE_FILE(*libm.a: *libc.a:*lib_a-mem*.o *libgcc.a:) .rodata*)
 .rodata.spin_lock_claim_unused.str1.4
                0x0000000010007120       0x1b CMakeFiles/blink.dir/home/dmytro/pico/pico/pico-sdk/src/rp2_common/hardware_sync/sync.c.obj
 *fill*         0x000000001000713b        0x1 
 .rodata.make_branch.str1.4
                0x000000001000713c       0x72 CMakeFiles/blink.dir/home/dmytro/pico/pico/pico-sdk/src/rp2_common/hardware_irq/irq.c.obj
 *fill*         0x00000000100071ae        0x2 
 .rodata.insert_branch_and_link.str1.4
                0x00000000100071b0       0x10 CMakeFiles/blink.dir/home/dmytro/pico/pico/pico-sdk/src/rp2_common/hardware_irq/irq.c.obj
 .rodata.irq_set_exclusive_handler.str1.4
                0x00000000100071c0       0x36 CMakeFiles/blink.dir/home/dmytro/pico/pico/pico-sdk/src/rp2_common/hardware_irq/irq.c.obj
 *fill*         0x00000000100071f6        0x2 
 .rodata.irq_add_shared_handler.str1.4
                0x00000000100071f8       0xd9 CMakeFiles/blink.dir/home/dmytro/pico/pico/pico-sdk/src/rp2_common/hardware_irq/irq.c.obj
 *fill*         0x00000000100072d1        0x3 
 .rodata.irq_remove_handler.str1.4
                0x00000000100072d4       0x3a CMakeFiles/blink.dir/home/dmytro/pico/pico/pico-sdk/src/rp2_common/hardware_irq/irq.c.obj
 *fill*         0x000000001000730e        0x2 
 .rodata.irq_add_tail_to_free_list.str1.4
                0x0000000010007310       0x3a CMakeFiles/blink.dir/home/dmytro/pico/pico/pico-sdk/src/rp2_common/hardware_irq/irq.c.obj
 *fill*         0x000000001000734a        0x2 
 .rodata.user_irq_claim_unused.str1.4
                0x000000001000734c       0x1b CMakeFiles/blink.dir/home/dmytro/pico/pico/pico-sdk/src/rp2_common/hardware_irq/irq.c.obj
 *fill*         0x0000000010007367        0x1 
 .rodata.__func__.0
                0x0000000010007368       0x1a CMakeFiles/blink.dir/home/dmytro/pico/pico/pico-sdk/src/rp2_common/hardware_irq/irq.c.obj
 *fill*         0x0000000010007382        0x2 
 .rodata.__func__.1
                0x0000000010007384       0x17 CMakeFiles/blink.dir/home/dmytro/pico/pico/pico-sdk/src/rp2_common/hardware_irq/irq.c.obj
 *fill*         0x000000001000739b        0x1 
 .rodata.__func__.2
                0x000000001000739c       0x13 CMakeFiles/blink.dir/home/dmytro/pico/pico/pico-sdk/src/rp2_common/hardware_irq/irq.c.obj
 *fill*         0x00000000100073af        0x1 
 .rodata.__func__.3
                0x00000000100073b0        0xc CMakeFiles/blink.dir/home/dmytro/pico/pico/pico-sdk/src/rp2_common/hardware_irq/irq.c.obj
 .rodata.__func__.4
                0x00000000100073bc        0xf CMakeFiles/blink.dir/home/dmytro/pico/pico/pico-sdk/src/rp2_common/hardware_irq/irq.c.obj
 *fill*         0x00000000100073cb        0x1 
 .rodata.__func__.5
                0x00000000100073cc       0x17 CMakeFiles/blink.dir/home/dmytro/pico/pico/pico-sdk/src/rp2_common/hardware_irq/irq.c.obj
 *fill*         0x00000000100073e3        0x1 
 .rodata.__func__.6
                0x00000000100073e4       0x1a CMakeFiles/blink.dir/home/dmytro/pico/pico/pico-sdk/src/rp2_common/hardware_irq/irq.c.obj
 *fill*         0x00000000100073fe        0x2 
 .rodata.str1.4
                0x0000000010007400       0xf9 CMakeFiles/blink.dir/home/dmytro/pico/pico/pico-sdk/src/common/pico_sync/mutex.c.obj
 *fill*         0x00000000100074f9        0x3 
 .rodata.__func__.1
                0x00000000100074fc        0xb CMakeFiles/blink.dir/home/dmytro/pico/pico/pico-sdk/src/common/pico_sync/mutex.c.obj
 *fill*         0x0000000010007507        0x1 
 .rodata.__func__.3
                0x0000000010007508       0x18 CMakeFiles/blink.dir/home/dmytro/pico/pico/pico-sdk/src/common/pico_sync/mutex.c.obj
 .rodata.__func__.4
                0x0000000010007520       0x15 CMakeFiles/blink.dir/home/dmytro/pico/pico/pico-sdk/src/common/pico_sync/mutex.c.obj
 *fill*         0x0000000010007535        0x3 
 .rodata.repeating_timer_callback.str1.4
                0x0000000010007538       0x50 CMakeFiles/blink.dir/home/dmytro/pico/pico/pico-sdk/src/common/pico_time/time.c.obj
 .rodata.timer_pool_entry_comparator.str1.4
                0x0000000010007588       0x22 CMakeFiles/blink.dir/home/dmytro/pico/pico/pico-sdk/src/common/pico_time/time.c.obj
 *fill*         0x00000000100075aa        0x2 
 .rodata.ph_add_child_node.str1.4
                0x00000000100075ac       0x9a CMakeFiles/blink.dir/home/dmytro/pico/pico/pico-sdk/src/common/pico_time/time.c.obj
 *fill*         0x0000000010007646        0x2 
 .rodata.add_alarm_under_lock.str1.4
                0x0000000010007648       0x28 CMakeFiles/blink.dir/home/dmytro/pico/pico/pico-sdk/src/common/pico_time/time.c.obj
                                         0x2b (size before relaxing)
 .rodata.alarm_pool_alarm_callback.str1.4
                0x0000000010007670       0x98 CMakeFiles/blink.dir/home/dmytro/pico/pico/pico-sdk/src/common/pico_time/time.c.obj
                                        0x100 (size before relaxing)
 .rodata.alarm_pool_get_default.str1.4
                0x0000000010007708       0x21 CMakeFiles/blink.dir/home/dmytro/pico/pico/pico-sdk/src/common/pico_time/time.c.obj
 *fill*         0x0000000010007729        0x3 
 .rodata.alarm_pool_cancel_alarm.str1.4
                0x000000001000772c       0x27 CMakeFiles/blink.dir/home/dmytro/pico/pico/pico-sdk/src/common/pico_time/time.c.obj
 *fill*         0x0000000010007753        0x1 
 .rodata.sleep_until.str1.4
                0x0000000010007754       0x4d CMakeFiles/blink.dir/home/dmytro/pico/pico/pico-sdk/src/common/pico_time/time.c.obj
 *fill*         0x00000000100077a1        0x3 
 .rodata.__func__.1
                0x00000000100077a4       0x18 CMakeFiles/blink.dir/home/dmytro/pico/pico/pico-sdk/src/common/pico_time/time.c.obj
 .rodata.__func__.10
                0x00000000100077bc       0x15 CMakeFiles/blink.dir/home/dmytro/pico/pico/pico-sdk/src/common/pico_time/time.c.obj
 *fill*         0x00000000100077d1        0x3 
 .rodata.__func__.11
                0x00000000100077d4       0x1a CMakeFiles/blink.dir/home/dmytro/pico/pico/pico-sdk/src/common/pico_time/time.c.obj
 *fill*         0x00000000100077ee        0x2 
 .rodata.__func__.12
                0x00000000100077f0        0xa CMakeFiles/blink.dir/home/dmytro/pico/pico/pico-sdk/src/common/pico_time/time.c.obj
 *fill*         0x00000000100077fa        0x2 
 .rodata.__func__.3
                0x00000000100077fc       0x17 CMakeFiles/blink.dir/home/dmytro/pico/pico/pico-sdk/src/common/pico_time/time.c.obj
 *fill*         0x0000000010007813        0x1 
 .rodata.__func__.4
                0x0000000010007814       0x12 CMakeFiles/blink.dir/home/dmytro/pico/pico/pico-sdk/src/common/pico_time/time.c.obj
 *fill*         0x0000000010007826        0x2 
 .rodata.__func__.5
                0x0000000010007828        0xd CMakeFiles/blink.dir/home/dmytro/pico/pico/pico-sdk/src/common/pico_time/time.c.obj
 *fill*         0x0000000010007835        0x3 
 .rodata.__func__.6
                0x0000000010007838       0x12 CMakeFiles/blink.dir/home/dmytro/pico/pico/pico-sdk/src/common/pico_time/time.c.obj
 *fill*         0x000000001000784a        0x2 
 .rodata.__func__.7
                0x000000001000784c        0xf CMakeFiles/blink.dir/home/dmytro/pico/pico/pico-sdk/src/common/pico_time/time.c.obj
 *fill*         0x000000001000785b        0x1 
 .rodata.__func__.8
                0x000000001000785c        0xc CMakeFiles/blink.dir/home/dmytro/pico/pico/pico-sdk/src/common/pico_time/time.c.obj
 .rodata.__func__.9
                0x0000000010007868       0x15 CMakeFiles/blink.dir/home/dmytro/pico/pico/pico-sdk/src/common/pico_time/time.c.obj
 *fill*         0x000000001000787d        0x3 
 .rodata.hardware_alarm_claim.str1.4
                0x0000000010007880       0x22 CMakeFiles/blink.dir/home/dmytro/pico/pico/pico-sdk/src/rp2_common/hardware_timer/timer.c.obj
 *fill*         0x00000000100078a2        0x2 
 .rodata.hardware_alarm_set_target.str1.4
                0x00000000100078a4       0x6a CMakeFiles/blink.dir/home/dmytro/pico/pico/pico-sdk/src/rp2_common/hardware_timer/timer.c.obj
 *fill*         0x000000001000790e        0x2 
 .rodata.__func__.0
                0x0000000010007910       0x1a CMakeFiles/blink.dir/home/dmytro/pico/pico/pico-sdk/src/rp2_common/hardware_timer/timer.c.obj
 .rodata.ph_add_child_node.str1.4
                0x000000001000792a       0x9a CMakeFiles/blink.dir/home/dmytro/pico/pico/pico-sdk/src/common/pico_util/pheap.c.obj
 *fill*         0x000000001000792a        0x2 
 .rodata.ph_remove_any_head.str1.4
                0x000000001000792c       0x94 CMakeFiles/blink.dir/home/dmytro/pico/pico/pico-sdk/src/common/pico_util/pheap.c.obj
                                         0xa8 (size before relaxing)
 .rodata.ph_remove_and_free_node.str1.4
                0x00000000100079c0       0x1e CMakeFiles/blink.dir/home/dmytro/pico/pico/pico-sdk/src/common/pico_util/pheap.c.obj
                                         0x26 (size before relaxing)
 *fill*         0x00000000100079de        0x2 
 .rodata.__func__.0
                0x00000000100079e0       0x18 CMakeFiles/blink.dir/home/dmytro/pico/pico/pico-sdk/src/common/pico_util/pheap.c.obj
 .rodata.__func__.1
                0x00000000100079f8       0x13 CMakeFiles/blink.dir/home/dmytro/pico/pico/pico-sdk/src/common/pico_util/pheap.c.obj
 *fill*         0x0000000010007a0b        0x1 
 .rodata.__func__.2
                0x0000000010007a0c       0x12 CMakeFiles/blink.dir/home/dmytro/pico/pico/pico-sdk/src/common/pico_util/pheap.c.obj
 *fill*         0x0000000010007a1e        0x2 
 .rodata.__func__.3
                0x0000000010007a20        0xc CMakeFiles/blink.dir/home/dmytro/pico/pico/pico-sdk/src/common/pico_util/pheap.c.obj
 .rodata.clock_configure.str1.4
                0x0000000010007a2c       0x5c CMakeFiles/blink.dir/home/dmytro/pico/pico/pico-sdk/src/rp2_common/hardware_clocks/clocks.c.obj
 .rodata.__func__.1
                0x0000000010007a88       0x10 CMakeFiles/blink.dir/home/dmytro/pico/pico/pico-sdk/src/rp2_common/hardware_clocks/clocks.c.obj
 .rodata.pll_init.str1.4
                0x0000000010007a98      0x127 CMakeFiles/blink.dir/home/dmytro/pico/pico/pico-sdk/src/rp2_common/hardware_pll/pll.c.obj
 *fill*         0x0000000010007bbf        0x1 
 .rodata.__func__.0
                0x0000000010007bc0        0x9 CMakeFiles/blink.dir/home/dmytro/pico/pico/pico-sdk/src/rp2_common/hardware_pll/pll.c.obj
 *fill*         0x0000000010007bc9        0x3 
 .rodata.__assert_func.str1.4
                0x0000000010007bcc       0x3f CMakeFiles/blink.dir/home/dmytro/pico/pico/pico-sdk/src/rp2_common/pico_runtime/runtime.c.obj
                                         0x43 (size before relaxing)
 *fill*         0x0000000010007c0b        0x1 
 .rodata.runtime_init.str1.4
                0x0000000010007c0c       0x66 CMakeFiles/blink.dir/home/dmytro/pico/pico/pico-sdk/src/rp2_common/pico_runtime/runtime.c.obj
 *fill*         0x0000000010007c72        0x2 
 .rodata.panic.str1.4
                0x0000000010007c74       0x12 CMakeFiles/blink.dir/home/dmytro/pico/pico/pico-sdk/src/rp2_common/pico_runtime/runtime.c.obj
 *fill*         0x0000000010007c86        0x2 
 .rodata.__func__.2
                0x0000000010007c88        0xd CMakeFiles/blink.dir/home/dmytro/pico/pico/pico-sdk/src/rp2_common/pico_runtime/runtime.c.obj
 *fill*         0x0000000010007c95        0x3 
 .rodata._ftoa.str1.4
                0x0000000010007c98       0x15 CMakeFiles/blink.dir/home/dmytro/pico/pico/pico-sdk/src/rp2_common/pico_printf/printf.c.obj
 *fill*         0x0000000010007cad        0x3 
 .rodata._vsnprintf
                0x0000000010007cb0      0x1e0 CMakeFiles/blink.dir/home/dmytro/pico/pico/pico-sdk/src/rp2_common/pico_printf/printf.c.obj
 .rodata.pow10.0
                0x0000000010007e90       0x50 CMakeFiles/blink.dir/home/dmytro/pico/pico/pico-sdk/src/rp2_common/pico_printf/printf.c.obj
 .rodata.__aeabi_double_init.str1.4
                0x0000000010007ee0       0xad CMakeFiles/blink.dir/home/dmytro/pico/pico/pico-sdk/src/rp2_common/pico_double/double_init_rom.c.obj
 *fill*         0x0000000010007f8d        0x3 
 .rodata.__func__.0
                0x0000000010007f90       0x14 CMakeFiles/blink.dir/home/dmytro/pico/pico/pico-sdk/src/rp2_common/pico_double/double_init_rom.c.obj
 .rodata.__aeabi_float_init.str1.4
                0x0000000010007fa4       0x7f CMakeFiles/blink.dir/home/dmytro/pico/pico/pico-sdk/src/rp2_common/pico_float/float_init_rom.c.obj
                                         0x83 (size before relaxing)
 *fill*         0x0000000010008023        0x1 
 .rodata.__func__.0
                0x0000000010008024       0x13 CMakeFiles/blink.dir/home/dmytro/pico/pico/pico-sdk/src/rp2_common/pico_float/float_init_rom.c.obj
 *fill*         0x0000000010008037        0x1 
 .rodata.str1.4
                0x0000000010008038       0x40 CMakeFiles/blink.dir/home/dmytro/pico/pico/pico-sdk/src/rp2_common/pico_standard_link/binary_info.c.obj
 .rodata.__bi_44
                0x0000000010008078        0xc CMakeFiles/blink.dir/home/dmytro/pico/pico/pico-sdk/src/rp2_common/pico_standard_link/binary_info.c.obj
 .rodata.__bi_75
                0x0000000010008084        0xc CMakeFiles/blink.dir/home/dmytro/pico/pico/pico-sdk/src/rp2_common/pico_standard_link/binary_info.c.obj
 .rodata.__bi_81
                0x0000000010008090        0xc CMakeFiles/blink.dir/home/dmytro/pico/pico/pico-sdk/src/rp2_common/pico_standard_link/binary_info.c.obj
 .rodata.stdout_serialize_begin.str1.4
                0x000000001000809c       0x66 CMakeFiles/blink.dir/home/dmytro/pico/pico/pico-sdk/src/rp2_common/pico_stdio/stdio.c.obj
 .rodata.__func__.3
                0x000000001000809c       0x15 CMakeFiles/blink.dir/home/dmytro/pico/pico/pico-sdk/src/rp2_common/pico_stdio/stdio.c.obj
 *fill*         0x00000000100080b1        0x3 
 .rodata.crlf_str.2
                0x00000000100080b4        0x2 CMakeFiles/blink.dir/home/dmytro/pico/pico/pico-sdk/src/rp2_common/pico_stdio/stdio.c.obj
 *fill*         0x00000000100080b6        0x2 
 .rodata._resetd_driver
                0x00000000100080b8       0x18 CMakeFiles/blink.dir/home/dmytro/pico/pico/pico-sdk/src/rp2_common/pico_stdio_usb/reset_interface.c.obj
 .rodata.low_priority_worker_irq.str1.4
                0x00000000100080d0       0x66 CMakeFiles/blink.dir/home/dmytro/pico/pico/pico-sdk/src/rp2_common/pico_stdio_usb/stdio_usb.c.obj
 .rodata.stdio_usb_init.str1.4
                0x00000000100080d0       0x4a CMakeFiles/blink.dir/home/dmytro/pico/pico/pico-sdk/src/rp2_common/pico_stdio_usb/stdio_usb.c.obj
                                         0x52 (size before relaxing)
 *fill*         0x000000001000811a        0x2 
 .rodata.str1.4
                0x000000001000811c       0x13 CMakeFiles/blink.dir/home/dmytro/pico/pico/pico-sdk/src/rp2_common/pico_stdio_usb/stdio_usb.c.obj
 *fill*         0x000000001000812f        0x1 
 .rodata.__bi_188.0
                0x0000000010008130        0xc CMakeFiles/blink.dir/home/dmytro/pico/pico/pico-sdk/src/rp2_common/pico_stdio_usb/stdio_usb.c.obj
 .rodata.__func__.1
                0x000000001000813c        0xf CMakeFiles/blink.dir/home/dmytro/pico/pico/pico-sdk/src/rp2_common/pico_stdio_usb/stdio_usb.c.obj
 *fill*         0x000000001000814b        0x1 
 .rodata.__func__.3
                0x000000001000814c       0x15 CMakeFiles/blink.dir/home/dmytro/pico/pico/pico-sdk/src/rp2_common/pico_stdio_usb/stdio_usb.c.obj
 *fill*         0x0000000010008161        0x3 
 .rodata.str1.4
                0x0000000010008164       0x2a CMakeFiles/blink.dir/home/dmytro/pico/pico/pico-sdk/src/rp2_common/pico_stdio_usb/stdio_usb_descriptors.c.obj
 *fill*         0x000000001000818e        0x2 
 .rodata.usbd_desc_cfg
                0x0000000010008190       0x54 CMakeFiles/blink.dir/home/dmytro/pico/pico/pico-sdk/src/rp2_common/pico_stdio_usb/stdio_usb_descriptors.c.obj
 .rodata.usbd_desc_device
                0x00000000100081e4       0x12 CMakeFiles/blink.dir/home/dmytro/pico/pico/pico-sdk/src/rp2_common/pico_stdio_usb/stdio_usb_descriptors.c.obj
 *fill*         0x00000000100081f6        0x2 
 .rodata.usbd_desc_str
                0x00000000100081f8       0x18 CMakeFiles/blink.dir/home/dmytro/pico/pico/pico-sdk/src/rp2_common/pico_stdio_usb/stdio_usb_descriptors.c.obj
 .rodata.pico_get_unique_board_id_string.str1.4
                0x0000000010008210       0x52 CMakeFiles/blink.dir/home/dmytro/pico/pico/pico-sdk/src/rp2_common/pico_unique_id/unique_id.c.obj
 *fill*         0x0000000010008262        0x2 
 .rodata.__func__.0
                0x0000000010008264       0x20 CMakeFiles/blink.dir/home/dmytro/pico/pico/pico-sdk/src/rp2_common/pico_unique_id/unique_id.c.obj
 .rodata.str1.4
                0x0000000010008284      0x15e CMakeFiles/blink.dir/home/dmytro/pico/pico/pico-sdk/src/rp2_common/hardware_flash/flash.c.obj
 *fill*         0x00000000100083e2        0x2 
 .rodata.__func__.0
                0x00000000100083e4        0xd CMakeFiles/blink.dir/home/dmytro/pico/pico/pico-sdk/src/rp2_common/hardware_flash/flash.c.obj
 *fill*         0x00000000100083f1        0x3 
 .rodata._hw_endpoint_alloc.str1.4
                0x00000000100083f4       0xbd CMakeFiles/blink.dir/home/dmytro/pico/pico/pico-sdk/lib/tinyusb/src/portable/raspberrypi/rp2040/dcd_rp2040.c.obj
 *fill*         0x00000000100084b1        0x3 
 .rodata.str1.4
                0x00000000100084b4       0x14 CMakeFiles/blink.dir/home/dmytro/pico/pico/pico-sdk/lib/tinyusb/src/portable/raspberrypi/rp2040/dcd_rp2040.c.obj
 .rodata.dcd_int_enable.str1.4
                0x00000000100084c8        0xc CMakeFiles/blink.dir/home/dmytro/pico/pico/pico-sdk/lib/tinyusb/src/portable/raspberrypi/rp2040/dcd_rp2040.c.obj
 .rodata.__func__.0
                0x00000000100084d4        0xe CMakeFiles/blink.dir/home/dmytro/pico/pico/pico-sdk/lib/tinyusb/src/portable/raspberrypi/rp2040/dcd_rp2040.c.obj
 *fill*         0x00000000100084e2        0x2 
 .rodata.__func__.1
                0x00000000100084e4        0xe CMakeFiles/blink.dir/home/dmytro/pico/pico/pico-sdk/lib/tinyusb/src/portable/raspberrypi/rp2040/dcd_rp2040.c.obj
 *fill*         0x00000000100084f2        0x2 
 .rodata.__func__.3
                0x00000000100084f4       0x10 CMakeFiles/blink.dir/home/dmytro/pico/pico/pico-sdk/lib/tinyusb/src/portable/raspberrypi/rp2040/dcd_rp2040.c.obj
 .rodata.__func__.5
                0x0000000010008504        0xf CMakeFiles/blink.dir/home/dmytro/pico/pico/pico-sdk/lib/tinyusb/src/portable/raspberrypi/rp2040/dcd_rp2040.c.obj
 *fill*         0x0000000010008513        0x1 
 .rodata.__func__.6
                0x0000000010008514       0x13 CMakeFiles/blink.dir/home/dmytro/pico/pico/pico-sdk/lib/tinyusb/src/portable/raspberrypi/rp2040/dcd_rp2040.c.obj
 *fill*         0x0000000010008527        0x1 
 .rodata.__func__.7
                0x0000000010008528        0x9 CMakeFiles/blink.dir/home/dmytro/pico/pico/pico-sdk/lib/tinyusb/src/portable/raspberrypi/rp2040/dcd_rp2040.c.obj
 *fill*         0x0000000010008531        0x3 
 .rodata.str1.4
                0x0000000010008534       0xef CMakeFiles/blink.dir/home/dmytro/pico/pico/pico-sdk/lib/tinyusb/src/portable/raspberrypi/rp2040/rp2040_usb.c.obj
 *fill*         0x0000000010008623        0x1 
 .rodata.__func__.0
                0x0000000010008624        0xf CMakeFiles/blink.dir/home/dmytro/pico/pico/pico-sdk/lib/tinyusb/src/portable/raspberrypi/rp2040/rp2040_usb.c.obj
 *fill*         0x0000000010008633        0x1 
 .rodata.process_get_descriptor
                0x0000000010008634       0x40 CMakeFiles/blink.dir/home/dmytro/pico/pico/pico-sdk/lib/tinyusb/src/device/usbd.c.obj
 .rodata.process_control_request
                0x0000000010008674       0x28 CMakeFiles/blink.dir/home/dmytro/pico/pico/pico-sdk/lib/tinyusb/src/device/usbd.c.obj
 .rodata.tud_task_ext
                0x000000001000869c       0x24 CMakeFiles/blink.dir/home/dmytro/pico/pico/pico-sdk/lib/tinyusb/src/device/usbd.c.obj
 .rodata._usbd_driver
                0x00000000100086c0       0x18 CMakeFiles/blink.dir/home/dmytro/pico/pico/pico-sdk/lib/tinyusb/src/device/usbd.c.obj
 .rodata.i2c_set_baudrate.str1.4
                0x00000000100086d8       0x62 CMakeFiles/blink.dir/home/dmytro/pico/pico/pico-sdk/src/rp2_common/hardware_i2c/i2c.c.obj
 *fill*         0x000000001000873a        0x2 
 .rodata.__func__.0
                0x000000001000873c       0x11 CMakeFiles/blink.dir/home/dmytro/pico/pico/pico-sdk/src/rp2_common/hardware_i2c/i2c.c.obj
                0x0000000010008750                . = ALIGN (0x4)
 *fill*         0x000000001000874d        0x3 
 *(SORT_BY_ALIGNMENT(SORT_BY_NAME(.flashdata*)))
                0x0000000010008750                . = ALIGN (0x4)

.rel.dyn        0x0000000010008750        0x0
 .rel.iplt      0x0000000010008750        0x0 /usr/lib/gcc/arm-none-eabi/10.3.1/thumb/v6-m/nofp/crtbegin.o

.ARM.extab
 *(.ARM.extab* .gnu.linkonce.armextab.*)
                0x0000000010008750                __exidx_start = .

.ARM.exidx
 *(.ARM.exidx* .gnu.linkonce.armexidx.*)
                0x0000000010008750                __exidx_end = .
                0x0000000010008750                . = ALIGN (0x4)
                0x0000000010008750                __binary_info_start = .

.binary_info    0x0000000010008750       0x20
 *(.binary_info.keep.*)
 .binary_info.keep.__bi_ptr22
                0x0000000010008750        0x4 CMakeFiles/blink.dir/home/dmytro/pico/pico/pico-sdk/src/rp2_common/pico_standard_link/binary_info.c.obj
 .binary_info.keep.__bi_ptr30
                0x0000000010008754        0x4 CMakeFiles/blink.dir/home/dmytro/pico/pico/pico-sdk/src/rp2_common/pico_standard_link/binary_info.c.obj
 .binary_info.keep.__bi_ptr38
                0x0000000010008758        0x4 CMakeFiles/blink.dir/home/dmytro/pico/pico/pico-sdk/src/rp2_common/pico_standard_link/binary_info.c.obj
 .binary_info.keep.__bi_ptr44
                0x000000001000875c        0x4 CMakeFiles/blink.dir/home/dmytro/pico/pico/pico-sdk/src/rp2_common/pico_standard_link/binary_info.c.obj
 .binary_info.keep.__bi_ptr50
                0x0000000010008760        0x4 CMakeFiles/blink.dir/home/dmytro/pico/pico/pico-sdk/src/rp2_common/pico_standard_link/binary_info.c.obj
 .binary_info.keep.__bi_ptr75
                0x0000000010008764        0x4 CMakeFiles/blink.dir/home/dmytro/pico/pico/pico-sdk/src/rp2_common/pico_standard_link/binary_info.c.obj
 .binary_info.keep.__bi_ptr81
                0x0000000010008768        0x4 CMakeFiles/blink.dir/home/dmytro/pico/pico/pico-sdk/src/rp2_common/pico_standard_link/binary_info.c.obj
 *(.binary_info.*)
 .binary_info.__bi_ptr188
                0x000000001000876c        0x4 CMakeFiles/blink.dir/home/dmytro/pico/pico/pico-sdk/src/rp2_common/pico_stdio_usb/stdio_usb.c.obj
                0x0000000010008770                __binary_info_end = .
                0x0000000010008770                . = ALIGN (0x4)
                0x0000000010008770                __etext = .

.ram_vector_table
                0x0000000020000000       0xc0
 *(.ram_vector_table)
 .ram_vector_table
                0x0000000020000000       0xc0 CMakeFiles/blink.dir/home/dmytro/pico/pico/pico-sdk/src/rp2_common/pico_runtime/runtime.c.obj
                0x0000000020000000                ram_vector_table

.data           0x00000000200000c0      0xc00 load address 0x0000000010008770
                0x00000000200000c0                __data_start__ = .
 *(vtable)
 *(.time_critical*)
 .time_critical.mutex_try_enter
                0x00000000200000c0       0x46 CMakeFiles/blink.dir/home/dmytro/pico/pico/pico-sdk/src/common/pico_sync/mutex.c.obj
                0x00000000200000c0                mutex_try_enter
 *fill*         0x0000000020000106        0x2 
 .time_critical.mutex_enter_block_until
                0x0000000020000108       0x8c CMakeFiles/blink.dir/home/dmytro/pico/pico/pico-sdk/src/common/pico_sync/mutex.c.obj
                0x0000000020000108                mutex_enter_block_until
 .time_critical.mutex_try_enter_block_until
                0x0000000020000194       0x34 CMakeFiles/blink.dir/home/dmytro/pico/pico/pico-sdk/src/common/pico_sync/mutex.c.obj
                0x0000000020000194                mutex_try_enter_block_until
 .time_critical.mutex_enter_timeout_ms
                0x00000000200001c8       0x68 CMakeFiles/blink.dir/home/dmytro/pico/pico/pico-sdk/src/common/pico_sync/mutex.c.obj
                0x00000000200001c8                mutex_enter_timeout_ms
 .time_critical.mutex_exit
                0x0000000020000230       0x4c CMakeFiles/blink.dir/home/dmytro/pico/pico/pico-sdk/src/common/pico_sync/mutex.c.obj
                0x0000000020000230                mutex_exit
 .time_critical.flash_init_boot2_copyout
                0x000000002000027c       0x30 CMakeFiles/blink.dir/home/dmytro/pico/pico/pico-sdk/src/rp2_common/hardware_flash/flash.c.obj
 .time_critical.flash_enable_xip_via_boot2
                0x00000000200002ac       0x10 CMakeFiles/blink.dir/home/dmytro/pico/pico/pico-sdk/src/rp2_common/hardware_flash/flash.c.obj
 .time_critical.flash_cs_force
                0x00000000200002bc       0x28 CMakeFiles/blink.dir/home/dmytro/pico/pico/pico-sdk/src/rp2_common/hardware_flash/flash.c.obj
 .time_critical.flash_do_cmd
                0x00000000200002e4       0xd8 CMakeFiles/blink.dir/home/dmytro/pico/pico/pico-sdk/src/rp2_common/hardware_flash/flash.c.obj
                0x00000000200002e4                flash_do_cmd
 .time_critical.reset_non_control_endpoints
                0x00000000200003bc       0x40 CMakeFiles/blink.dir/home/dmytro/pico/pico/pico-sdk/lib/tinyusb/src/portable/raspberrypi/rp2040/dcd_rp2040.c.obj
 .time_critical.hw_handle_buff_status
                0x00000000200003fc       0xa4 CMakeFiles/blink.dir/home/dmytro/pico/pico/pico-sdk/lib/tinyusb/src/portable/raspberrypi/rp2040/dcd_rp2040.c.obj
 .time_critical.dcd_rp2040_irq
                0x00000000200004a0      0x1cc CMakeFiles/blink.dir/home/dmytro/pico/pico/pico-sdk/lib/tinyusb/src/portable/raspberrypi/rp2040/dcd_rp2040.c.obj
 .time_critical.e15_is_bulkin_ep
                0x000000002000066c       0x2c CMakeFiles/blink.dir/home/dmytro/pico/pico/pico-sdk/lib/tinyusb/src/portable/raspberrypi/rp2040/rp2040_usb.c.obj
 .time_critical.e15_is_critical_frame_period
                0x0000000020000698       0x30 CMakeFiles/blink.dir/home/dmytro/pico/pico/pico-sdk/lib/tinyusb/src/portable/raspberrypi/rp2040/rp2040_usb.c.obj
 .time_critical.prepare_ep_buffer
                0x00000000200006c8       0x70 CMakeFiles/blink.dir/home/dmytro/pico/pico/pico-sdk/lib/tinyusb/src/portable/raspberrypi/rp2040/rp2040_usb.c.obj
 .time_critical.sync_ep_buffer
                0x0000000020000738       0x80 CMakeFiles/blink.dir/home/dmytro/pico/pico/pico-sdk/lib/tinyusb/src/portable/raspberrypi/rp2040/rp2040_usb.c.obj
 .time_critical._hw_endpoint_xfer_sync
                0x00000000200007b8       0x28 CMakeFiles/blink.dir/home/dmytro/pico/pico/pico-sdk/lib/tinyusb/src/portable/raspberrypi/rp2040/rp2040_usb.c.obj
 .time_critical.hw_endpoint_reset_transfer
                0x00000000200007e0        0xc CMakeFiles/blink.dir/home/dmytro/pico/pico/pico-sdk/lib/tinyusb/src/portable/raspberrypi/rp2040/rp2040_usb.c.obj
                0x00000000200007e0                hw_endpoint_reset_transfer
 .time_critical._hw_endpoint_buffer_control_update32
                0x00000000200007ec       0x58 CMakeFiles/blink.dir/home/dmytro/pico/pico/pico-sdk/lib/tinyusb/src/portable/raspberrypi/rp2040/rp2040_usb.c.obj
                0x00000000200007ec                _hw_endpoint_buffer_control_update32
 .time_critical.hw_endpoint_start_next_buffer
                0x0000000020000844       0x88 CMakeFiles/blink.dir/home/dmytro/pico/pico/pico-sdk/lib/tinyusb/src/portable/raspberrypi/rp2040/rp2040_usb.c.obj
                0x0000000020000844                hw_endpoint_start_next_buffer
 .time_critical.hw_endpoint_xfer_continue
                0x00000000200008cc       0x50 CMakeFiles/blink.dir/home/dmytro/pico/pico/pico-sdk/lib/tinyusb/src/portable/raspberrypi/rp2040/rp2040_usb.c.obj
                0x00000000200008cc                hw_endpoint_xfer_continue
 .time_critical.tinyusb
                0x000000002000091c      0x1ec CMakeFiles/blink.dir/home/dmytro/pico/pico/pico-sdk/lib/tinyusb/src/device/usbd.c.obj
                0x000000002000091c                dcd_event_handler
 *(.text*)
 .text          0x0000000020000b08        0x4 /usr/lib/gcc/arm-none-eabi/10.3.1/thumb/v6-m/nofp/libgcc.a(_dvmd_tls.o)
                0x0000000020000b08                __aeabi_ldiv0
                0x0000000020000b08                __aeabi_idiv0
 *fill*         0x0000000020000b0c        0x4 
 .text.__stub   0x0000000020000b10       0x90 linker stubs
                0x0000000020000ba0                . = ALIGN (0x4)
 *(.rodata*)
                0x0000000020000ba0                . = ALIGN (0x4)
 *(.data*)
 .data.tof_config
                0x0000000020000ba0       0x10 CMakeFiles/blink.dir/main.cpp.obj
                0x0000000020000ba0                tof_config
 .data.striped_spin_lock_num
                0x0000000020000bb0        0x1 CMakeFiles/blink.dir/home/dmytro/pico/pico/pico-sdk/src/rp2_common/hardware_sync/sync.c.obj
 *fill*         0x0000000020000bb1        0x3 
 .data          0x0000000020000bb4       0x48 CMakeFiles/blink.dir/home/dmytro/pico/pico/pico-sdk/src/rp2_common/hardware_irq/irq_handler_chain.S.obj
                0x0000000020000bb4                irq_handler_chain_slots
                0x0000000020000be4                irq_handler_chain_first_slot
                0x0000000020000bee                irq_handler_chain_remove_tail
 .data.default_alarm_pool
                0x0000000020000bfc       0x18 CMakeFiles/blink.dir/home/dmytro/pico/pico/pico-sdk/src/common/pico_time/time.c.obj
 .data.default_alarm_pool_heap
                0x0000000020000c14       0x10 CMakeFiles/blink.dir/home/dmytro/pico/pico/pico-sdk/src/common/pico_time/time.c.obj
 *fill*         0x0000000020000c24        0xc 
 .data.aeabi_bits_funcs
                0x0000000020000c30       0x10 CMakeFiles/blink.dir/home/dmytro/pico/pico/pico-sdk/src/rp2_common/pico_bit_ops/bit_ops_aeabi.S.obj
                0x0000000020000c30                aeabi_bits_funcs
                0x0000000020000c40                aeabi_bits_funcs_end
 .data.aeabi_mem_funcs
                0x0000000020000c40       0x10 CMakeFiles/blink.dir/home/dmytro/pico/pico/pico-sdk/src/rp2_common/pico_mem_ops/mem_ops_aeabi.S.obj
                0x0000000020000c40                aeabi_mem_funcs
                0x0000000020000c50                aeabi_mem_funcs_end
 .data.stdio_usb
                0x0000000020000c50       0x18 CMakeFiles/blink.dir/home/dmytro/pico/pico/pico-sdk/src/rp2_common/pico_stdio_usb/stdio_usb.c.obj
                0x0000000020000c50                stdio_usb
 .data.ep_dir_string
                0x0000000020000c68        0x8 CMakeFiles/blink.dir/home/dmytro/pico/pico/pico-sdk/lib/tinyusb/src/portable/raspberrypi/rp2040/rp2040_usb.c.obj
                0x0000000020000c68                ep_dir_string
 .data._usbd_qdef
                0x0000000020000c70       0x1c CMakeFiles/blink.dir/home/dmytro/pico/pico/pico-sdk/lib/tinyusb/src/device/usbd.c.obj
                0x0000000020000c70                _usbd_qdef
 .data._usbd_rhport
                0x0000000020000c8c        0x1 CMakeFiles/blink.dir/home/dmytro/pico/pico/pico-sdk/lib/tinyusb/src/device/usbd.c.obj
 *fill*         0x0000000020000c8d        0x3 
 .data.i2c0_inst
                0x0000000020000c90        0x8 CMakeFiles/blink.dir/home/dmytro/pico/pico/pico-sdk/src/rp2_common/hardware_i2c/i2c.c.obj
                0x0000000020000c90                i2c0_inst
                0x0000000020000c98                . = ALIGN (0x4)
 *(.after_data.*)
                0x0000000020000c98                . = ALIGN (0x4)
                0x0000000020000c98                PROVIDE (__mutex_array_start = .)
 *(SORT_BY_NAME(.mutex_array.*))
 *(.mutex_array)
 .mutex_array   0x0000000020000c98        0x8 CMakeFiles/blink.dir/home/dmytro/pico/pico/pico-sdk/src/rp2_common/pico_malloc/pico_malloc.c.obj
 .mutex_array   0x0000000020000ca0        0x8 CMakeFiles/blink.dir/home/dmytro/pico/pico/pico-sdk/src/rp2_common/pico_stdio/stdio.c.obj
                0x0000000020000ca8                PROVIDE (__mutex_array_end = .)
                0x0000000020000ca8                . = ALIGN (0x4)
                0x0000000020000ca8                PROVIDE (__preinit_array_start = .)
 *(SORT_BY_NAME(.preinit_array.*))
 .preinit_array.00001
                0x0000000020000ca8        0x4 CMakeFiles/blink.dir/home/dmytro/pico/pico/pico-sdk/src/rp2_common/pico_mem_ops/mem_ops_aeabi.S.obj
 .preinit_array.00010
                0x0000000020000cac        0x4 CMakeFiles/blink.dir/home/dmytro/pico/pico/pico-sdk/src/rp2_common/pico_bit_ops/bit_ops_aeabi.S.obj
 .preinit_array.00020
                0x0000000020000cb0        0x4 CMakeFiles/blink.dir/home/dmytro/pico/pico/pico-sdk/src/rp2_common/pico_double/double_aeabi.S.obj
 .preinit_array.00020
                0x0000000020000cb4        0x4 CMakeFiles/blink.dir/home/dmytro/pico/pico/pico-sdk/src/rp2_common/pico_float/float_aeabi.S.obj
 *(.preinit_array)
                0x0000000020000cb8                PROVIDE (__preinit_array_end = .)
                0x0000000020000cb8                . = ALIGN (0x4)
                0x0000000020000cb8                PROVIDE (__init_array_start = .)
 *(SORT_BY_NAME(.init_array.*))